{"call_failures": 0, "n_mentions_scored": 4, "parse_failures": 0, "processed": 1, "total": 50}
{"call_failures": 0, "n_mentions_scored": 10, "parse_failures": 0, "processed": 2, "total": 50}
{"call_failures": 0, "n_mentions_scored": 14, "parse_failures": 0, "processed": 3, "total": 50}
{"call_failures": 0, "n_mentions_scored": 17, "parse_failures": 0, "processed": 4, "total": 50}
{"call_failures": 0, "n_mentions_scored": 21, "parse_failures": 0, "processed": 5, "total": 50}
{"call_failures": 0, "n_mentions_scored": 27, "parse_failures": 0, "processed": 6, "total": 50}
{"call_failures": 0, "n_mentions_scored": 30, "parse_failures": 0, "processed": 7, "total": 50}
{"call_failures": 0, "n_mentions_scored": 32, "parse_failures": 0, "processed": 8, "total": 50}
{"call_failures": 0, "n_mentions_scored": 33, "parse_failures": 0, "processed": 9, "total": 50}
{"call_failures": 0, "n_mentions_scored": 36, "parse_failures": 0, "processed": 10, "total": 50}
{"call_failures": 0, "n_mentions_scored": 38, "parse_failures": 0, "processed": 11, "total": 50}
{"call_failures": 0, "n_mentions_scored": 40, "parse_failures": 0, "processed": 12, "total": 50}
{"call_failures": 0, "n_mentions_scored": 42, "parse_failures": 0, "processed": 13, "total": 50}
{"call_failures": 0, "n_mentions_scored": 44, "parse_failures": 0, "processed": 14, "total": 50}
{"call_failures": 0, "n_mentions_scored": 44, "parse_failures": 0, "processed": 15, "total": 50}
{"call_failures": 0, "n_mentions_scored": 45, "parse_failures": 0, "processed": 16, "total": 50}
{"call_failures": 0, "n_mentions_scored": 46, "parse_failures": 0, "processed": 17, "total": 50}
{"call_failures": 0, "n_mentions_scored": 50, "parse_failures": 0, "processed": 18, "total": 50}
{"call_failures": 0, "n_mentions_scored": 52, "parse_failures": 0, "processed": 19, "total": 50}
{"call_failures": 0, "n_mentions_scored": 55, "parse_failures": 0, "processed": 20, "total": 50}
{"call_failures": 0, "n_mentions_scored": 60, "parse_failures": 0, "processed": 21, "total": 50}
{"call_failures": 0, "n_mentions_scored": 63, "parse_failures": 0, "processed": 22, "total": 50}
{"call_failures": 0, "n_mentions_scored": 63, "parse_failures": 0, "processed": 23, "total": 50}
{"call_failures": 0, "n_mentions_scored": 63, "parse_failures": 0, "processed": 24, "total": 50}
{"call_failures": 0, "n_mentions_scored": 66, "parse_failures": 0, "processed": 25, "total": 50}
{"call_failures": 0, "n_mentions_scored": 68, "parse_failures": 0, "processed": 26, "total": 50}
{"call_failures": 0, "n_mentions_scored": 69, "parse_failures": 0, "processed": 27, "total": 50}
{"call_failures": 0, "n_mentions_scored": 69, "parse_failures": 0, "processed": 28, "total": 50}
{"call_failures": 0, "n_mentions_scored": 74, "parse_failures": 0, "processed": 29, "total": 50}
{"call_failures": 0, "n_mentions_scored": 75, "parse_failures": 0, "processed": 30, "total": 50}
{"call_failures": 0, "n_mentions_scored": 77, "parse_failures": 0, "processed": 31, "total": 50}
{"call_failures": 0, "n_mentions_scored": 79, "parse_failures": 0, "processed": 32, "total": 50}
{"call_failures": 0, "n_mentions_scored": 85, "parse_failures": 0, "processed": 33, "total": 50}
{"call_failures": 0, "n_mentions_scored": 89, "parse_failures": 0, "processed": 34, "total": 50}
{"call_failures": 0, "n_mentions_scored": 97, "parse_failures": 0, "processed": 35, "total": 50}
{"call_failures": 0, "n_mentions_scored": 101, "parse_failures": 0, "processed": 36, "total": 50}
{"call_failures": 0, "n_mentions_scored": 103, "parse_failures": 0, "processed": 37, "total": 50}
{"call_failures": 0, "n_mentions_scored": 107, "parse_failures": 0, "processed": 38, "total": 50}
{"call_failures": 0, "n_mentions_scored": 111, "parse_failures": 0, "processed": 39, "total": 50}
{"call_failures": 0, "n_mentions_scored": 114, "parse_failures": 0, "processed": 40, "total": 50}
{"call_failures": 0, "n_mentions_scored": 117, "parse_failures": 0, "processed": 41, "total": 50}
{"call_failures": 0, "n_mentions_scored": 119, "parse_failures": 0, "processed": 42, "total": 50}
{"call_failures": 0, "n_mentions_scored": 122, "parse_failures": 0, "processed": 43, "total": 50}
{"call_failures": 0, "n_mentions_scored": 128, "parse_failures": 0, "processed": 44, "total": 50}
{"call_failures": 0, "n_mentions_scored": 136, "parse_failures": 0, "processed": 45, "total": 50}
{"call_failures": 0, "n_mentions_scored": 139, "parse_failures": 0, "processed": 46, "total": 50}
{"call_failures": 0, "n_mentions_scored": 141, "parse_failures": 0, "processed": 47, "total": 50}
{"call_failures": 0, "n_mentions_scored": 144, "parse_failures": 0, "processed": 48, "total": 50}
{"call_failures": 0, "n_mentions_scored": 153, "parse_failures": 0, "processed": 49, "total": 50}
{"call_failures": 0, "n_mentions_scored": 157, "parse_failures": 0, "processed": 50, "total": 50}
[prescription deterministic] rows=50 mentions=81
[hard50_temp0_r1_temp0p0] assembly F1=0.8822 P=0.8736 R=0.8909
{"call_failures": 0, "n_mentions_scored": 4, "parse_failures": 0, "processed": 1, "total": 50}
{"call_failures": 0, "n_mentions_scored": 8, "parse_failures": 0, "processed": 2, "total": 50}
{"call_failures": 0, "n_mentions_scored": 13, "parse_failures": 0, "processed": 3, "total": 50}
{"call_failures": 0, "n_mentions_scored": 16, "parse_failures": 0, "processed": 4, "total": 50}
{"call_failures": 0, "n_mentions_scored": 22, "parse_failures": 0, "processed": 5, "total": 50}
{"call_failures": 0, "n_mentions_scored": 26, "parse_failures": 0, "processed": 6, "total": 50}
{"call_failures": 0, "n_mentions_scored": 29, "parse_failures": 0, "processed": 7, "total": 50}
{"call_failures": 0, "n_mentions_scored": 31, "parse_failures": 0, "processed": 8, "total": 50}
{"call_failures": 0, "n_mentions_scored": 32, "parse_failures": 0, "processed": 9, "total": 50}
{"call_failures": 0, "n_mentions_scored": 35, "parse_failures": 0, "processed": 10, "total": 50}
{"call_failures": 0, "n_mentions_scored": 37, "parse_failures": 0, "processed": 11, "total": 50}
{"call_failures": 0, "n_mentions_scored": 39, "parse_failures": 0, "processed": 12, "total": 50}
{"call_failures": 0, "n_mentions_scored": 41, "parse_failures": 0, "processed": 13, "total": 50}
{"call_failures": 0, "n_mentions_scored": 43, "parse_failures": 0, "processed": 14, "total": 50}
{"call_failures": 0, "n_mentions_scored": 43, "parse_failures": 0, "processed": 15, "total": 50}
{"call_failures": 0, "n_mentions_scored": 44, "parse_failures": 0, "processed": 16, "total": 50}
{"call_failures": 0, "n_mentions_scored": 45, "parse_failures": 0, "processed": 17, "total": 50}
{"call_failures": 0, "n_mentions_scored": 49, "parse_failures": 0, "processed": 18, "total": 50}
{"call_failures": 0, "n_mentions_scored": 51, "parse_failures": 0, "processed": 19, "total": 50}
{"call_failures": 0, "n_mentions_scored": 53, "parse_failures": 0, "processed": 20, "total": 50}
{"call_failures": 0, "n_mentions_scored": 58, "parse_failures": 0, "processed": 21, "total": 50}
{"call_failures": 0, "n_mentions_scored": 62, "parse_failures": 0, "processed": 22, "total": 50}
{"call_failures": 0, "n_mentions_scored": 62, "parse_failures": 0, "processed": 23, "total": 50}
{"call_failures": 0, "n_mentions_scored": 62, "parse_failures": 0, "processed": 24, "total": 50}
{"call_failures": 0, "n_mentions_scored": 65, "parse_failures": 0, "processed": 25, "total": 50}
{"call_failures": 0, "n_mentions_scored": 67, "parse_failures": 0, "processed": 26, "total": 50}
{"call_failures": 0, "n_mentions_scored": 68, "parse_failures": 0, "processed": 27, "total": 50}
{"call_failures": 0, "n_mentions_scored": 68, "parse_failures": 0, "processed": 28, "total": 50}
{"call_failures": 0, "n_mentions_scored": 73, "parse_failures": 0, "processed": 29, "total": 50}
{"call_failures": 0, "n_mentions_scored": 74, "parse_failures": 0, "processed": 30, "total": 50}
{"call_failures": 0, "n_mentions_scored": 76, "parse_failures": 0, "processed": 31, "total": 50}
{"call_failures": 0, "n_mentions_scored": 77, "parse_failures": 0, "processed": 32, "total": 50}
{"call_failures": 0, "n_mentions_scored": 82, "parse_failures": 0, "processed": 33, "total": 50}
{"call_failures": 0, "n_mentions_scored": 86, "parse_failures": 0, "processed": 34, "total": 50}
{"call_failures": 0, "n_mentions_scored": 91, "parse_failures": 0, "processed": 35, "total": 50}
{"call_failures": 0, "n_mentions_scored": 95, "parse_failures": 0, "processed": 36, "total": 50}
{"call_failures": 0, "n_mentions_scored": 97, "parse_failures": 0, "processed": 37, "total": 50}
{"call_failures": 0, "n_mentions_scored": 102, "parse_failures": 0, "processed": 38, "total": 50}
{"call_failures": 0, "n_mentions_scored": 106, "parse_failures": 0, "processed": 39, "total": 50}
{"call_failures": 0, "n_mentions_scored": 109, "parse_failures": 0, "processed": 40, "total": 50}
{"call_failures": 0, "n_mentions_scored": 112, "parse_failures": 0, "processed": 41, "total": 50}
{"call_failures": 0, "n_mentions_scored": 114, "parse_failures": 0, "processed": 42, "total": 50}
{"call_failures": 0, "n_mentions_scored": 117, "parse_failures": 0, "processed": 43, "total": 50}
{"call_failures": 0, "n_mentions_scored": 123, "parse_failures": 0, "processed": 44, "total": 50}
{"call_failures": 0, "n_mentions_scored": 131, "parse_failures": 0, "processed": 45, "total": 50}
{"call_failures": 0, "n_mentions_scored": 134, "parse_failures": 0, "processed": 46, "total": 50}
{"call_failures": 0, "n_mentions_scored": 137, "parse_failures": 0, "processed": 47, "total": 50}
{"call_failures": 0, "n_mentions_scored": 140, "parse_failures": 0, "processed": 48, "total": 50}
{"call_failures": 0, "n_mentions_scored": 148, "parse_failures": 0, "processed": 49, "total": 50}
{"call_failures": 0, "n_mentions_scored": 152, "parse_failures": 0, "processed": 50, "total": 50}
[prescription deterministic] rows=50 mentions=81
[hard50_temp0_r2_temp0p0] assembly F1=0.8902 P=0.8754 R=0.9055
{"call_failures": 0, "n_mentions_scored": 3, "parse_failures": 0, "processed": 1, "total": 50}
{"call_failures": 0, "n_mentions_scored": 9, "parse_failures": 0, "processed": 2, "total": 50}
{"call_failures": 0, "n_mentions_scored": 13, "parse_failures": 0, "processed": 3, "total": 50}
{"call_failures": 0, "n_mentions_scored": 16, "parse_failures": 0, "processed": 4, "total": 50}
{"call_failures": 0, "n_mentions_scored": 22, "parse_failures": 0, "processed": 5, "total": 50}
{"call_failures": 0, "n_mentions_scored": 28, "parse_failures": 0, "processed": 6, "total": 50}
{"call_failures": 0, "n_mentions_scored": 31, "parse_failures": 0, "processed": 7, "total": 50}
{"call_failures": 0, "n_mentions_scored": 33, "parse_failures": 0, "processed": 8, "total": 50}
{"call_failures": 0, "n_mentions_scored": 34, "parse_failures": 0, "processed": 9, "total": 50}
{"call_failures": 0, "n_mentions_scored": 37, "parse_failures": 0, "processed": 10, "total": 50}
{"call_failures": 0, "n_mentions_scored": 39, "parse_failures": 0, "processed": 11, "total": 50}
{"call_failures": 0, "n_mentions_scored": 41, "parse_failures": 0, "processed": 12, "total": 50}
{"call_failures": 0, "n_mentions_scored": 43, "parse_failures": 0, "processed": 13, "total": 50}
{"call_failures": 0, "n_mentions_scored": 45, "parse_failures": 0, "processed": 14, "total": 50}
{"call_failures": 0, "n_mentions_scored": 45, "parse_failures": 0, "processed": 15, "total": 50}
{"call_failures": 0, "n_mentions_scored": 46, "parse_failures": 0, "processed": 16, "total": 50}
{"call_failures": 0, "n_mentions_scored": 49, "parse_failures": 0, "processed": 17, "total": 50}
{"call_failures": 0, "n_mentions_scored": 53, "parse_failures": 0, "processed": 18, "total": 50}
{"call_failures": 0, "n_mentions_scored": 55, "parse_failures": 0, "processed": 19, "total": 50}
{"call_failures": 0, "n_mentions_scored": 58, "parse_failures": 0, "processed": 20, "total": 50}
{"call_failures": 0, "n_mentions_scored": 63, "parse_failures": 0, "processed": 21, "total": 50}
{"call_failures": 0, "n_mentions_scored": 66, "parse_failures": 0, "processed": 22, "total": 50}
{"call_failures": 0, "n_mentions_scored": 66, "parse_failures": 0, "processed": 23, "total": 50}
{"call_failures": 0, "n_mentions_scored": 66, "parse_failures": 0, "processed": 24, "total": 50}
{"call_failures": 0, "n_mentions_scored": 69, "parse_failures": 0, "processed": 25, "total": 50}
{"call_failures": 0, "n_mentions_scored": 71, "parse_failures": 0, "processed": 26, "total": 50}
{"call_failures": 0, "n_mentions_scored": 72, "parse_failures": 0, "processed": 27, "total": 50}
{"call_failures": 0, "n_mentions_scored": 72, "parse_failures": 0, "processed": 28, "total": 50}
{"call_failures": 0, "n_mentions_scored": 77, "parse_failures": 0, "processed": 29, "total": 50}
{"call_failures": 0, "n_mentions_scored": 78, "parse_failures": 0, "processed": 30, "total": 50}
{"call_failures": 0, "n_mentions_scored": 80, "parse_failures": 0, "processed": 31, "total": 50}
{"call_failures": 0, "n_mentions_scored": 82, "parse_failures": 0, "processed": 32, "total": 50}
{"call_failures": 0, "n_mentions_scored": 87, "parse_failures": 0, "processed": 33, "total": 50}
{"call_failures": 0, "n_mentions_scored": 90, "parse_failures": 0, "processed": 34, "total": 50}
{"call_failures": 0, "n_mentions_scored": 96, "parse_failures": 0, "processed": 35, "total": 50}
{"call_failures": 0, "n_mentions_scored": 100, "parse_failures": 0, "processed": 36, "total": 50}
{"call_failures": 0, "n_mentions_scored": 102, "parse_failures": 0, "processed": 37, "total": 50}
{"call_failures": 0, "n_mentions_scored": 106, "parse_failures": 0, "processed": 38, "total": 50}
{"call_failures": 0, "n_mentions_scored": 108, "parse_failures": 0, "processed": 39, "total": 50}
{"call_failures": 0, "n_mentions_scored": 111, "parse_failures": 0, "processed": 40, "total": 50}
{"call_failures": 0, "n_mentions_scored": 114, "parse_failures": 0, "processed": 41, "total": 50}
{"call_failures": 0, "n_mentions_scored": 116, "parse_failures": 0, "processed": 42, "total": 50}
{"call_failures": 0, "n_mentions_scored": 119, "parse_failures": 0, "processed": 43, "total": 50}
{"call_failures": 0, "n_mentions_scored": 125, "parse_failures": 0, "processed": 44, "total": 50}
{"call_failures": 0, "n_mentions_scored": 130, "parse_failures": 0, "processed": 45, "total": 50}
{"call_failures": 0, "n_mentions_scored": 134, "parse_failures": 0, "processed": 46, "total": 50}
{"call_failures": 0, "n_mentions_scored": 138, "parse_failures": 0, "processed": 47, "total": 50}
{"call_failures": 0, "n_mentions_scored": 141, "parse_failures": 0, "processed": 48, "total": 50}
{"call_failures": 0, "n_mentions_scored": 150, "parse_failures": 0, "processed": 49, "total": 50}
{"call_failures": 0, "n_mentions_scored": 154, "parse_failures": 0, "processed": 50, "total": 50}
[prescription deterministic] rows=50 mentions=81
[hard50_temp0_r3_temp0p0] assembly F1=0.8838 P=0.8768 R=0.8909
{"call_failures": 0, "n_mentions_scored": 3, "parse_failures": 0, "processed": 1, "total": 50}
{"call_failures": 0, "n_mentions_scored": 7, "parse_failures": 0, "processed": 2, "total": 50}
{"call_failures": 0, "n_mentions_scored": 11, "parse_failures": 0, "processed": 3, "total": 50}
{"call_failures": 0, "n_mentions_scored": 14, "parse_failures": 0, "processed": 4, "total": 50}
{"call_failures": 0, "n_mentions_scored": 21, "parse_failures": 0, "processed": 5, "total": 50}
{"call_failures": 0, "n_mentions_scored": 27, "parse_failures": 0, "processed": 6, "total": 50}
{"call_failures": 0, "n_mentions_scored": 30, "parse_failures": 0, "processed": 7, "total": 50}
{"call_failures": 0, "n_mentions_scored": 32, "parse_failures": 0, "processed": 8, "total": 50}
{"call_failures": 0, "n_mentions_scored": 33, "parse_failures": 0, "processed": 9, "total": 50}
{"call_failures": 0, "n_mentions_scored": 38, "parse_failures": 0, "processed": 10, "total": 50}
{"call_failures": 0, "n_mentions_scored": 40, "parse_failures": 0, "processed": 11, "total": 50}
{"call_failures": 0, "n_mentions_scored": 42, "parse_failures": 0, "processed": 12, "total": 50}
{"call_failures": 0, "n_mentions_scored": 44, "parse_failures": 0, "processed": 13, "total": 50}
{"call_failures": 0, "n_mentions_scored": 46, "parse_failures": 0, "processed": 14, "total": 50}
{"call_failures": 0, "n_mentions_scored": 46, "parse_failures": 0, "processed": 15, "total": 50}
{"call_failures": 0, "n_mentions_scored": 47, "parse_failures": 0, "processed": 16, "total": 50}
{"call_failures": 0, "n_mentions_scored": 48, "parse_failures": 0, "processed": 17, "total": 50}
{"call_failures": 0, "n_mentions_scored": 52, "parse_failures": 0, "processed": 18, "total": 50}
{"call_failures": 0, "n_mentions_scored": 54, "parse_failures": 0, "processed": 19, "total": 50}
{"call_failures": 0, "n_mentions_scored": 57, "parse_failures": 0, "processed": 20, "total": 50}
{"call_failures": 0, "n_mentions_scored": 62, "parse_failures": 0, "processed": 21, "total": 50}
{"call_failures": 0, "n_mentions_scored": 65, "parse_failures": 0, "processed": 22, "total": 50}
{"call_failures": 0, "n_mentions_scored": 65, "parse_failures": 0, "processed": 23, "total": 50}
{"call_failures": 0, "n_mentions_scored": 65, "parse_failures": 0, "processed": 24, "total": 50}
{"call_failures": 0, "n_mentions_scored": 68, "parse_failures": 0, "processed": 25, "total": 50}
{"call_failures": 0, "n_mentions_scored": 70, "parse_failures": 0, "processed": 26, "total": 50}
{"call_failures": 0, "n_mentions_scored": 71, "parse_failures": 0, "processed": 27, "total": 50}
{"call_failures": 0, "n_mentions_scored": 71, "parse_failures": 0, "processed": 28, "total": 50}
{"call_failures": 0, "n_mentions_scored": 76, "parse_failures": 0, "processed": 29, "total": 50}
{"call_failures": 0, "n_mentions_scored": 77, "parse_failures": 0, "processed": 30, "total": 50}
{"call_failures": 0, "n_mentions_scored": 79, "parse_failures": 0, "processed": 31, "total": 50}
{"call_failures": 0, "n_mentions_scored": 80, "parse_failures": 0, "processed": 32, "total": 50}
{"call_failures": 0, "n_mentions_scored": 86, "parse_failures": 0, "processed": 33, "total": 50}
{"call_failures": 0, "n_mentions_scored": 90, "parse_failures": 0, "processed": 34, "total": 50}
{"call_failures": 0, "n_mentions_scored": 97, "parse_failures": 0, "processed": 35, "total": 50}
{"call_failures": 0, "n_mentions_scored": 101, "parse_failures": 0, "processed": 36, "total": 50}
{"call_failures": 0, "n_mentions_scored": 103, "parse_failures": 0, "processed": 37, "total": 50}
{"call_failures": 0, "n_mentions_scored": 107, "parse_failures": 0, "processed": 38, "total": 50}
{"call_failures": 0, "n_mentions_scored": 110, "parse_failures": 0, "processed": 39, "total": 50}
{"call_failures": 0, "n_mentions_scored": 113, "parse_failures": 0, "processed": 40, "total": 50}
{"call_failures": 0, "n_mentions_scored": 116, "parse_failures": 0, "processed": 41, "total": 50}
{"call_failures": 0, "n_mentions_scored": 118, "parse_failures": 0, "processed": 42, "total": 50}
{"call_failures": 0, "n_mentions_scored": 121, "parse_failures": 0, "processed": 43, "total": 50}
{"call_failures": 0, "n_mentions_scored": 127, "parse_failures": 0, "processed": 44, "total": 50}
{"call_failures": 0, "n_mentions_scored": 135, "parse_failures": 0, "processed": 45, "total": 50}
{"call_failures": 0, "n_mentions_scored": 138, "parse_failures": 0, "processed": 46, "total": 50}
{"call_failures": 0, "n_mentions_scored": 141, "parse_failures": 0, "processed": 47, "total": 50}
{"call_failures": 0, "n_mentions_scored": 144, "parse_failures": 0, "processed": 48, "total": 50}
{"call_failures": 0, "n_mentions_scored": 154, "parse_failures": 0, "processed": 49, "total": 50}
{"call_failures": 0, "n_mentions_scored": 158, "parse_failures": 0, "processed": 50, "total": 50}
[prescription deterministic] rows=50 mentions=81
[hard50_temp0_r4_temp0p0] assembly F1=0.8894 P=0.8809 R=0.8982
{
  "json": "experiments/exectv2_2call_no_sf_self_consistency_hard50_temp0_20260625.json",
  "markdown": "docs/experiments/exectv2/reliability/exectv2_2call_no_sf_self_consistency_hard50_temp0_20260625.md"
}
