[     341ms] [INFO] %cDownload the React DevTools for a better development experience: https://react.dev/link/react-devtools font-weight:bold @ http://localhost:3000/_next/static/chunks/0mzu_next_dist_1cbomwn._.js:2477
[     401ms] [LOG] [HMR] connected @ http://localhost:3000/_next/static/chunks/0mzu_next_dist_1cbomwn._.js:2477
[  438180ms] [LOG] [Fast Refresh] rebuilding @ http://localhost:3000/_next/static/chunks/0mzu_next_dist_1cbomwn._.js:2477
[  438444ms] [LOG] [Fast Refresh] done in 269ms @ http://localhost:3000/_next/static/chunks/0mzu_next_dist_1cbomwn._.js:2477
[  438548ms] [LOG] [Fast Refresh] rebuilding @ http://localhost:3000/_next/static/chunks/0mzu_next_dist_1cbomwn._.js:2477
[  438634ms] [LOG] [Fast Refresh] done in 187ms @ http://localhost:3000/_next/static/chunks/0mzu_next_dist_1cbomwn._.js:2477
[  440263ms] [LOG] [Fast Refresh] rebuilding @ http://localhost:3000/_next/static/chunks/0mzu_next_dist_1cbomwn._.js:2477
[  440337ms] [LOG] [Fast Refresh] done in 161ms @ http://localhost:3000/_next/static/chunks/0mzu_next_dist_1cbomwn._.js:2477
[  440446ms] [LOG] [Fast Refresh] rebuilding @ http://localhost:3000/_next/static/chunks/0mzu_next_dist_1cbomwn._.js:2477
[  440850ms] [LOG] [Fast Refresh] done in 512ms @ http://localhost:3000/_next/static/chunks/0mzu_next_dist_1cbomwn._.js:2477
[  440958ms] [LOG] [Fast Refresh] rebuilding @ http://localhost:3000/_next/static/chunks/0mzu_next_dist_1cbomwn._.js:2477
[  440960ms] [LOG] [Fast Refresh] done in 109ms @ http://localhost:3000/_next/static/chunks/0mzu_next_dist_1cbomwn._.js:2477
[  441001ms] ReferenceError: detailDepth is not defined
    at SfInspectionPanel (http://localhost:3000/_next/static/chunks/Code_clinical_extraction_frontend_1gwbtzd._.js?id=%255Bproject%255D%252FCode%252Fclinical_extraction%252Ffrontend%252Fcomponents%252Fexectv2%252FSfInspectionPanel.tsx+%255Bapp-client%255D+%2528ecmascript%2529:156:9)
    at Object.react_stack_bottom_frame (http://localhost:3000/_next/static/chunks/0mzu_next_dist_compiled_react-dom_1f3aybq._.js:15037:24)
    at renderWithHooks (http://localhost:3000/_next/static/chunks/0mzu_next_dist_compiled_react-dom_1f3aybq._.js:4620:24)
    at updateFunctionComponent (http://localhost:3000/_next/static/chunks/0mzu_next_dist_compiled_react-dom_1f3aybq._.js:6081:21)
    at beginWork (http://localhost:3000/_next/static/chunks/0mzu_next_dist_compiled_react-dom_1f3aybq._.js:6691:24)
    at runWithFiberInDEV (http://localhost:3000/_next/static/chunks/0mzu_next_dist_compiled_react-dom_1f3aybq._.js:965:74)
    at performUnitOfWork (http://localhost:3000/_next/static/chunks/0mzu_next_dist_compiled_react-dom_1f3aybq._.js:9555:97)
    at workLoopSync (http://localhost:3000/_next/static/chunks/0mzu_next_dist_compiled_react-dom_1f3aybq._.js:9449:40)
    at renderRootSync (http://localhost:3000/_next/static/chunks/0mzu_next_dist_compiled_react-dom_1f3aybq._.js:9433:13)
    at performWorkOnRoot (http://localhost:3000/_next/static/chunks/0mzu_next_dist_compiled_react-dom_1f3aybq._.js:9061:186)
    at performSyncWorkOnRoot (http://localhost:3000/_next/static/chunks/0mzu_next_dist_compiled_react-dom_1f3aybq._.js:10263:9)
    at flushSyncWorkAcrossRoots_impl (http://localhost:3000/_next/static/chunks/0mzu_next_dist_compiled_react-dom_1f3aybq._.js:10179:316)
    at processRootScheduleInMicrotask (http://localhost:3000/_next/static/chunks/0mzu_next_dist_compiled_react-dom_1f3aybq._.js:10200:106)
    at http://localhost:3000/_next/static/chunks/0mzu_next_dist_compiled_react-dom_1f3aybq._.js:10274:158
[  442105ms] [LOG] [Fast Refresh] rebuilding @ http://localhost:3000/_next/static/chunks/0mzu_next_dist_1cbomwn._.js:2477
[  442130ms] [WARNING] [Fast Refresh] performing full reload because your application had an unrecoverable error @ http://localhost:3000/_next/static/chunks/0mzu_next_dist_1cbomwn._.js:2477
[  442160ms] ReferenceError: detailDepth is not defined
    at SfInspectionPanel (http://localhost:3000/_next/static/chunks/Code_clinical_extraction_frontend_1gwbtzd._.js?id=%255Bproject%255D%252FCode%252Fclinical_extraction%252Ffrontend%252Fcomponents%252Fexectv2%252FSfInspectionPanel.tsx+%255Bapp-client%255D+%2528ecmascript%2529:143:9)
    at Object.react_stack_bottom_frame (http://localhost:3000/_next/static/chunks/0mzu_next_dist_compiled_react-dom_1f3aybq._.js:15037:24)
    at renderWithHooks (http://localhost:3000/_next/static/chunks/0mzu_next_dist_compiled_react-dom_1f3aybq._.js:4620:24)
    at updateFunctionComponent (http://localhost:3000/_next/static/chunks/0mzu_next_dist_compiled_react-dom_1f3aybq._.js:6081:21)
    at beginWork (http://localhost:3000/_next/static/chunks/0mzu_next_dist_compiled_react-dom_1f3aybq._.js:6691:24)
    at runWithFiberInDEV (http://localhost:3000/_next/static/chunks/0mzu_next_dist_compiled_react-dom_1f3aybq._.js:965:74)
    at performUnitOfWork (http://localhost:3000/_next/static/chunks/0mzu_next_dist_compiled_react-dom_1f3aybq._.js:9555:97)
    at workLoopSync (http://localhost:3000/_next/static/chunks/0mzu_next_dist_compiled_react-dom_1f3aybq._.js:9449:40)
    at renderRootSync (http://localhost:3000/_next/static/chunks/0mzu_next_dist_compiled_react-dom_1f3aybq._.js:9433:13)
    at performWorkOnRoot (http://localhost:3000/_next/static/chunks/0mzu_next_dist_compiled_react-dom_1f3aybq._.js:9098:47)
    at performSyncWorkOnRoot (http://localhost:3000/_next/static/chunks/0mzu_next_dist_compiled_react-dom_1f3aybq._.js:10263:9)
    at flushSyncWorkAcrossRoots_impl (http://localhost:3000/_next/static/chunks/0mzu_next_dist_compiled_react-dom_1f3aybq._.js:10179:316)
    at flushSyncWork$1 (http://localhost:3000/_next/static/chunks/0mzu_next_dist_compiled_react-dom_1f3aybq._.js:9230:86)
    at Object.scheduleRefresh (http://localhost:3000/_next/static/chunks/0mzu_next_dist_compiled_react-dom_1f3aybq._.js:299:13)
    at http://localhost:3000/_next/static/chunks/0mzu_next_dist_compiled_0k1pkz9._.js:391:33
    at Set.forEach (<anonymous>)
    at Object.performReactRefresh (http://localhost:3000/_next/static/chunks/0mzu_next_dist_compiled_0k1pkz9._.js:384:38)
    at applyUpdate (http://localhost:3000/_next/static/chunks/0mzu_next_dist_compiled_0k1pkz9._.js:878:31)
    at http://localhost:3000/_next/static/chunks/0mzu_next_dist_compiled_0k1pkz9._.js:886:13
[  442171ms] [LOG] [Fast Refresh] done in 111ms @ http://localhost:3000/_next/static/chunks/0mzu_next_dist_1cbomwn._.js:2477
[  442273ms] [LOG] [Fast Refresh] rebuilding @ http://localhost:3000/_next/static/chunks/0mzu_next_dist_1cbomwn._.js:2477
[  442585ms] [LOG] [Fast Refresh] done in 415ms @ http://localhost:3000/_next/static/chunks/0mzu_next_dist_1cbomwn._.js:2477
[  442745ms] [INFO] %cDownload the React DevTools for a better development experience: https://react.dev/link/react-devtools font-weight:bold @ http://localhost:3000/_next/static/chunks/0mzu_next_dist_1cbomwn._.js:2477
[  442850ms] [LOG] [HMR] connected @ http://localhost:3000/_next/static/chunks/0mzu_next_dist_1cbomwn._.js:2477
[  442948ms] ReferenceError: detailDepth is not defined
    at SfInspectionPanel (http://localhost:3000/_next/static/chunks/Code_clinical_extraction_frontend_1gwbtzd._.js:3350:9)
    at Object.react_stack_bottom_frame (http://localhost:3000/_next/static/chunks/0mzu_next_dist_compiled_react-dom_1f3aybq._.js:15037:24)
    at renderWithHooks (http://localhost:3000/_next/static/chunks/0mzu_next_dist_compiled_react-dom_1f3aybq._.js:4620:24)
    at updateFunctionComponent (http://localhost:3000/_next/static/chunks/0mzu_next_dist_compiled_react-dom_1f3aybq._.js:6081:21)
    at beginWork (http://localhost:3000/_next/static/chunks/0mzu_next_dist_compiled_react-dom_1f3aybq._.js:6691:24)
    at runWithFiberInDEV (http://localhost:3000/_next/static/chunks/0mzu_next_dist_compiled_react-dom_1f3aybq._.js:965:74)
    at performUnitOfWork (http://localhost:3000/_next/static/chunks/0mzu_next_dist_compiled_react-dom_1f3aybq._.js:9555:97)
    at workLoopSync (http://localhost:3000/_next/static/chunks/0mzu_next_dist_compiled_react-dom_1f3aybq._.js:9449:40)
    at renderRootSync (http://localhost:3000/_next/static/chunks/0mzu_next_dist_compiled_react-dom_1f3aybq._.js:9433:13)
    at performWorkOnRoot (http://localhost:3000/_next/static/chunks/0mzu_next_dist_compiled_react-dom_1f3aybq._.js:9098:47)
    at performWorkOnRootViaSchedulerTask (http://localhost:3000/_next/static/chunks/0mzu_next_dist_compiled_react-dom_1f3aybq._.js:10255:9)
    at MessagePort.performWorkUntilDeadline (http://localhost:3000/_next/static/chunks/0mzu_next_dist_compiled_0k1pkz9._.js:2647:64)
[  443031ms] [LOG] [Fast Refresh] rebuilding @ http://localhost:3000/_next/static/chunks/0mzu_next_dist_1cbomwn._.js:2477
[  443033ms] [LOG] [Fast Refresh] done in 105ms @ http://localhost:3000/_next/static/chunks/0mzu_next_dist_1cbomwn._.js:2477
[  443821ms] [LOG] [Fast Refresh] rebuilding @ http://localhost:3000/_next/static/chunks/0mzu_next_dist_1cbomwn._.js:2477
[  443873ms] [WARNING] [Fast Refresh] performing full reload because your application had an unrecoverable error @ http://localhost:3000/_next/static/chunks/0mzu_next_dist_1cbomwn._.js:2477
[  443883ms] [LOG] [Fast Refresh] done in 151ms @ http://localhost:3000/_next/static/chunks/0mzu_next_dist_1cbomwn._.js:2477
[  443990ms] [LOG] [Fast Refresh] rebuilding @ http://localhost:3000/_next/static/chunks/0mzu_next_dist_1cbomwn._.js:2477
[  444344ms] [LOG] [Fast Refresh] done in 455ms @ http://localhost:3000/_next/static/chunks/0mzu_next_dist_1cbomwn._.js:2477
[  444556ms] [INFO] %cDownload the React DevTools for a better development experience: https://react.dev/link/react-devtools font-weight:bold @ http://localhost:3000/_next/static/chunks/0mzu_next_dist_1cbomwn._.js:2477
[  444570ms] [LOG] [HMR] connected @ http://localhost:3000/_next/static/chunks/0mzu_next_dist_1cbomwn._.js:2477
[  444778ms] [LOG] [Fast Refresh] rebuilding @ http://localhost:3000/_next/static/chunks/0mzu_next_dist_1cbomwn._.js:2477
[  444812ms] [LOG] [Fast Refresh] done in 129ms @ http://localhost:3000/_next/static/chunks/0mzu_next_dist_1cbomwn._.js:2477
[  444912ms] [LOG] [Fast Refresh] rebuilding @ http://localhost:3000/_next/static/chunks/0mzu_next_dist_1cbomwn._.js:2477
[  445086ms] [LOG] [Fast Refresh] done in 274ms @ http://localhost:3000/_next/static/chunks/0mzu_next_dist_1cbomwn._.js:2477
[  445184ms] ReferenceError: detailDepth is not defined
    at SfInspectionPanel (http://localhost:3000/_next/static/chunks/Code_clinical_extraction_frontend_1gwbtzd._.js?id=%255Bproject%255D%252FCode%252Fclinical_extraction%252Ffrontend%252Fcomponents%252Fexectv2%252FSfInspectionPanel.tsx+%255Bapp-client%255D+%2528ecmascript%2529:292:50)
    at Object.react_stack_bottom_frame (http://localhost:3000/_next/static/chunks/0mzu_next_dist_compiled_react-dom_1f3aybq._.js:15037:24)
    at renderWithHooks (http://localhost:3000/_next/static/chunks/0mzu_next_dist_compiled_react-dom_1f3aybq._.js:4620:24)
    at updateFunctionComponent (http://localhost:3000/_next/static/chunks/0mzu_next_dist_compiled_react-dom_1f3aybq._.js:6081:21)
    at beginWork (http://localhost:3000/_next/static/chunks/0mzu_next_dist_compiled_react-dom_1f3aybq._.js:6691:24)
    at runWithFiberInDEV (http://localhost:3000/_next/static/chunks/0mzu_next_dist_compiled_react-dom_1f3aybq._.js:965:74)
    at performUnitOfWork (http://localhost:3000/_next/static/chunks/0mzu_next_dist_compiled_react-dom_1f3aybq._.js:9555:97)
    at workLoopSync (http://localhost:3000/_next/static/chunks/0mzu_next_dist_compiled_react-dom_1f3aybq._.js:9449:40)
    at renderRootSync (http://localhost:3000/_next/static/chunks/0mzu_next_dist_compiled_react-dom_1f3aybq._.js:9433:13)
    at performWorkOnRoot (http://localhost:3000/_next/static/chunks/0mzu_next_dist_compiled_react-dom_1f3aybq._.js:9098:47)
    at performSyncWorkOnRoot (http://localhost:3000/_next/static/chunks/0mzu_next_dist_compiled_react-dom_1f3aybq._.js:10263:9)
    at flushSyncWorkAcrossRoots_impl (http://localhost:3000/_next/static/chunks/0mzu_next_dist_compiled_react-dom_1f3aybq._.js:10179:316)
    at processRootScheduleInMicrotask (http://localhost:3000/_next/static/chunks/0mzu_next_dist_compiled_react-dom_1f3aybq._.js:10200:106)
    at http://localhost:3000/_next/static/chunks/0mzu_next_dist_compiled_react-dom_1f3aybq._.js:10274:158
[  445247ms] [LOG] [Fast Refresh] rebuilding @ http://localhost:3000/_next/static/chunks/0mzu_next_dist_1cbomwn._.js:2477
[  445290ms] [LOG] [Fast Refresh] done in 152ms @ http://localhost:3000/_next/static/chunks/0mzu_next_dist_1cbomwn._.js:2477
[  447313ms] [LOG] [Fast Refresh] rebuilding @ http://localhost:3000/_next/static/chunks/0mzu_next_dist_1cbomwn._.js:2477
[  447333ms] [WARNING] [Fast Refresh] performing full reload because your application had an unrecoverable error @ http://localhost:3000/_next/static/chunks/0mzu_next_dist_1cbomwn._.js:2477
[  447370ms] [LOG] [Fast Refresh] done in 104ms @ http://localhost:3000/_next/static/chunks/0mzu_next_dist_1cbomwn._.js:2477
[  447471ms] [LOG] [Fast Refresh] rebuilding @ http://localhost:3000/_next/static/chunks/0mzu_next_dist_1cbomwn._.js:2477
[  447870ms] [LOG] [Fast Refresh] done in 499ms @ http://localhost:3000/_next/static/chunks/0mzu_next_dist_1cbomwn._.js:2477
[  447945ms] [INFO] %cDownload the React DevTools for a better development experience: https://react.dev/link/react-devtools font-weight:bold @ http://localhost:3000/_next/static/chunks/0mzu_next_dist_1cbomwn._.js:2477
[  447960ms] [LOG] [HMR] connected @ http://localhost:3000/_next/static/chunks/0mzu_next_dist_1cbomwn._.js:2477
[  447992ms] Error: Internal Next.js error: Router action dispatched before initialization.
    at dispatchAppRouterAction (http://localhost:3000/_next/static/chunks/0mzu_next_dist_client_1umaoco._.js:916:37)
    at http://localhost:3000/_next/static/chunks/0mzu_next_dist_client_1umaoco._.js:11923:61
    at startTransition (http://localhost:3000/_next/static/chunks/0mzu_next_dist_compiled_0k1pkz9._.js:1279:31)
    at Object.hmrRefresh (http://localhost:3000/_next/static/chunks/0mzu_next_dist_client_1umaoco._.js:11922:40)
    at http://localhost:3000/_next/static/chunks/0mzu_next_dist_client_1umaoco._.js:14090:64
    at startTransition (http://localhost:3000/_next/static/chunks/0mzu_next_dist_compiled_0k1pkz9._.js:1279:31)
    at processMessage (http://localhost:3000/_next/static/chunks/0mzu_next_dist_client_1umaoco._.js:14089:44)
    at WebSocket.handleMessage (http://localhost:3000/_next/static/chunks/0mzu_next_dist_client_1umaoco._.js:13458:52)
[  448511ms] [LOG] [Fast Refresh] rebuilding @ http://localhost:3000/_next/static/chunks/0mzu_next_dist_1cbomwn._.js:2477
[  448716ms] [LOG] [Fast Refresh] done in 306ms @ http://localhost:3000/_next/static/chunks/0mzu_next_dist_1cbomwn._.js:2477
[  448975ms] ReferenceError: LetterInspector is not defined
    at SfInspectionPanel (http://localhost:3000/_next/static/chunks/Code_clinical_extraction_frontend_1gwbtzd._.js:3508:293)
    at Object.react_stack_bottom_frame (http://localhost:3000/_next/static/chunks/0mzu_next_dist_compiled_react-dom_1f3aybq._.js:15037:24)
    at renderWithHooks (http://localhost:3000/_next/static/chunks/0mzu_next_dist_compiled_react-dom_1f3aybq._.js:4620:24)
    at updateFunctionComponent (http://localhost:3000/_next/static/chunks/0mzu_next_dist_compiled_react-dom_1f3aybq._.js:6081:21)
    at beginWork (http://localhost:3000/_next/static/chunks/0mzu_next_dist_compiled_react-dom_1f3aybq._.js:6691:24)
    at runWithFiberInDEV (http://localhost:3000/_next/static/chunks/0mzu_next_dist_compiled_react-dom_1f3aybq._.js:965:74)
    at performUnitOfWork (http://localhost:3000/_next/static/chunks/0mzu_next_dist_compiled_react-dom_1f3aybq._.js:9555:97)
    at workLoopSync (http://localhost:3000/_next/static/chunks/0mzu_next_dist_compiled_react-dom_1f3aybq._.js:9449:40)
    at renderRootSync (http://localhost:3000/_next/static/chunks/0mzu_next_dist_compiled_react-dom_1f3aybq._.js:9433:13)
    at performWorkOnRoot (http://localhost:3000/_next/static/chunks/0mzu_next_dist_compiled_react-dom_1f3aybq._.js:9098:47)
    at performSyncWorkOnRoot (http://localhost:3000/_next/static/chunks/0mzu_next_dist_compiled_react-dom_1f3aybq._.js:10263:9)
    at flushSyncWorkAcrossRoots_impl (http://localhost:3000/_next/static/chunks/0mzu_next_dist_compiled_react-dom_1f3aybq._.js:10179:316)
    at processRootScheduleInMicrotask (http://localhost:3000/_next/static/chunks/0mzu_next_dist_compiled_react-dom_1f3aybq._.js:10200:106)
    at http://localhost:3000/_next/static/chunks/0mzu_next_dist_compiled_react-dom_1f3aybq._.js:10274:158
[  449171ms] [LOG] [Fast Refresh] rebuilding @ http://localhost:3000/_next/static/chunks/0mzu_next_dist_1cbomwn._.js:2477
[  449198ms] [LOG] [Fast Refresh] done in 128ms @ http://localhost:3000/_next/static/chunks/0mzu_next_dist_1cbomwn._.js:2477
[  449908ms] [LOG] [Fast Refresh] rebuilding @ http://localhost:3000/_next/static/chunks/0mzu_next_dist_1cbomwn._.js:2477
[  449925ms] [WARNING] [Fast Refresh] performing full reload because your application had an unrecoverable error @ http://localhost:3000/_next/static/chunks/0mzu_next_dist_1cbomwn._.js:2477
[  449934ms] [LOG] [Fast Refresh] done in 98ms @ http://localhost:3000/_next/static/chunks/0mzu_next_dist_1cbomwn._.js:2477
[  450038ms] [LOG] [Fast Refresh] rebuilding @ http://localhost:3000/_next/static/chunks/0mzu_next_dist_1cbomwn._.js:2477
[  450383ms] [LOG] [Fast Refresh] done in 446ms @ http://localhost:3000/_next/static/chunks/0mzu_next_dist_1cbomwn._.js:2477
[  450538ms] [INFO] %cDownload the React DevTools for a better development experience: https://react.dev/link/react-devtools font-weight:bold @ http://localhost:3000/_next/static/chunks/0mzu_next_dist_1cbomwn._.js:2477
[  450666ms] [LOG] [HMR] connected @ http://localhost:3000/_next/static/chunks/0mzu_next_dist_1cbomwn._.js:2477
[  451020ms] ReferenceError: LetterInspector is not defined
    at SfInspectionPanel (http://localhost:3000/_next/static/chunks/Code_clinical_extraction_frontend_1gwbtzd._.js:3508:293)
    at Object.react_stack_bottom_frame (http://localhost:3000/_next/static/chunks/0mzu_next_dist_compiled_react-dom_1f3aybq._.js:15037:24)
    at renderWithHooks (http://localhost:3000/_next/static/chunks/0mzu_next_dist_compiled_react-dom_1f3aybq._.js:4620:24)
    at updateFunctionComponent (http://localhost:3000/_next/static/chunks/0mzu_next_dist_compiled_react-dom_1f3aybq._.js:6081:21)
    at beginWork (http://localhost:3000/_next/static/chunks/0mzu_next_dist_compiled_react-dom_1f3aybq._.js:6691:24)
    at runWithFiberInDEV (http://localhost:3000/_next/static/chunks/0mzu_next_dist_compiled_react-dom_1f3aybq._.js:965:74)
    at performUnitOfWork (http://localhost:3000/_next/static/chunks/0mzu_next_dist_compiled_react-dom_1f3aybq._.js:9555:97)
    at workLoopSync (http://localhost:3000/_next/static/chunks/0mzu_next_dist_compiled_react-dom_1f3aybq._.js:9449:40)
    at renderRootSync (http://localhost:3000/_next/static/chunks/0mzu_next_dist_compiled_react-dom_1f3aybq._.js:9433:13)
    at performWorkOnRoot (http://localhost:3000/_next/static/chunks/0mzu_next_dist_compiled_react-dom_1f3aybq._.js:9098:47)
    at performSyncWorkOnRoot (http://localhost:3000/_next/static/chunks/0mzu_next_dist_compiled_react-dom_1f3aybq._.js:10263:9)
    at flushSyncWorkAcrossRoots_impl (http://localhost:3000/_next/static/chunks/0mzu_next_dist_compiled_react-dom_1f3aybq._.js:10179:316)
    at processRootScheduleInMicrotask (http://localhost:3000/_next/static/chunks/0mzu_next_dist_compiled_react-dom_1f3aybq._.js:10200:106)
    at http://localhost:3000/_next/static/chunks/0mzu_next_dist_compiled_react-dom_1f3aybq._.js:10274:158
[  451221ms] [LOG] [Fast Refresh] rebuilding @ http://localhost:3000/_next/static/chunks/0mzu_next_dist_1cbomwn._.js:2477
[  451231ms] [LOG] [Fast Refresh] done in 114ms @ http://localhost:3000/_next/static/chunks/0mzu_next_dist_1cbomwn._.js:2477
[  459666ms] [LOG] [Fast Refresh] rebuilding @ http://localhost:3000/_next/static/chunks/0mzu_next_dist_1cbomwn._.js:2477
[  459685ms] [WARNING] [Fast Refresh] performing full reload because your application had an unrecoverable error @ http://localhost:3000/_next/static/chunks/0mzu_next_dist_1cbomwn._.js:2477
[  459700ms] [LOG] [Fast Refresh] done in 108ms @ http://localhost:3000/_next/static/chunks/0mzu_next_dist_1cbomwn._.js:2477
[  459809ms] [LOG] [Fast Refresh] rebuilding @ http://localhost:3000/_next/static/chunks/0mzu_next_dist_1cbomwn._.js:2477
[  460204ms] [LOG] [Fast Refresh] done in 496ms @ http://localhost:3000/_next/static/chunks/0mzu_next_dist_1cbomwn._.js:2477
[  460370ms] [INFO] %cDownload the React DevTools for a better development experience: https://react.dev/link/react-devtools font-weight:bold @ http://localhost:3000/_next/static/chunks/0mzu_next_dist_1cbomwn._.js:2477
[  460441ms] [LOG] [HMR] connected @ http://localhost:3000/_next/static/chunks/0mzu_next_dist_1cbomwn._.js:2477
[  471766ms] [LOG] [Fast Refresh] rebuilding @ http://localhost:3000/_next/static/chunks/0mzu_next_dist_1cbomwn._.js:2477
[  471833ms] [LOG] [Fast Refresh] done in 116ms @ http://localhost:3000/_next/static/chunks/0mzu_next_dist_1cbomwn._.js:2477
[  471934ms] [LOG] [Fast Refresh] rebuilding @ http://localhost:3000/_next/static/chunks/0mzu_next_dist_1cbomwn._.js:2477
[  472017ms] [LOG] [Fast Refresh] done in 184ms @ http://localhost:3000/_next/static/chunks/0mzu_next_dist_1cbomwn._.js:2477
[  472082ms] ReferenceError: inspectableIds is not defined
    at eval (http://localhost:3000/_next/static/chunks/Code_clinical_extraction_frontend_1gwbtzd._.js?id=%255Bproject%255D%252FCode%252Fclinical_extraction%252Ffrontend%252Fcomponents%252Fexectv2%252FSfInspectionViews.tsx+%255Bapp-client%255D+%2528ecmascript%2529:642:44)
    at Array.map (<anonymous>)
    at LetterMatrix (http://localhost:3000/_next/static/chunks/Code_clinical_extraction_frontend_1gwbtzd._.js?id=%255Bproject%255D%252FCode%252Fclinical_extraction%252Ffrontend%252Fcomponents%252Fexectv2%252FSfInspectionViews.tsx+%255Bapp-client%255D+%2528ecmascript%2529:640:39)
    at Object.react_stack_bottom_frame (http://localhost:3000/_next/static/chunks/0mzu_next_dist_compiled_react-dom_1f3aybq._.js:15037:24)
    at renderWithHooks (http://localhost:3000/_next/static/chunks/0mzu_next_dist_compiled_react-dom_1f3aybq._.js:4620:24)
    at updateFunctionComponent (http://localhost:3000/_next/static/chunks/0mzu_next_dist_compiled_react-dom_1f3aybq._.js:6081:21)
    at beginWork (http://localhost:3000/_next/static/chunks/0mzu_next_dist_compiled_react-dom_1f3aybq._.js:6691:24)
    at runWithFiberInDEV (http://localhost:3000/_next/static/chunks/0mzu_next_dist_compiled_react-dom_1f3aybq._.js:965:74)
    at performUnitOfWork (http://localhost:3000/_next/static/chunks/0mzu_next_dist_compiled_react-dom_1f3aybq._.js:9555:97)
    at workLoopSync (http://localhost:3000/_next/static/chunks/0mzu_next_dist_compiled_react-dom_1f3aybq._.js:9449:40)
    at renderRootSync (http://localhost:3000/_next/static/chunks/0mzu_next_dist_compiled_react-dom_1f3aybq._.js:9433:13)
    at performWorkOnRoot (http://localhost:3000/_next/static/chunks/0mzu_next_dist_compiled_react-dom_1f3aybq._.js:9061:186)
    at performSyncWorkOnRoot (http://localhost:3000/_next/static/chunks/0mzu_next_dist_compiled_react-dom_1f3aybq._.js:10263:9)
    at flushSyncWorkAcrossRoots_impl (http://localhost:3000/_next/static/chunks/0mzu_next_dist_compiled_react-dom_1f3aybq._.js:10179:316)
    at processRootScheduleInMicrotask (http://localhost:3000/_next/static/chunks/0mzu_next_dist_compiled_react-dom_1f3aybq._.js:10200:106)
    at http://localhost:3000/_next/static/chunks/0mzu_next_dist_compiled_react-dom_1f3aybq._.js:10274:158
[  476875ms] [LOG] [Fast Refresh] rebuilding @ http://localhost:3000/_next/static/chunks/0mzu_next_dist_1cbomwn._.js:2477
[  476929ms] [WARNING] [Fast Refresh] performing full reload because your application had an unrecoverable error @ http://localhost:3000/_next/static/chunks/0mzu_next_dist_1cbomwn._.js:2477
[  476960ms] [LOG] [Fast Refresh] done in 152ms @ http://localhost:3000/_next/static/chunks/0mzu_next_dist_1cbomwn._.js:2477
[  477068ms] [LOG] [Fast Refresh] rebuilding @ http://localhost:3000/_next/static/chunks/0mzu_next_dist_1cbomwn._.js:2477
[  477468ms] [LOG] [Fast Refresh] done in 504ms @ http://localhost:3000/_next/static/chunks/0mzu_next_dist_1cbomwn._.js:2477
[  477618ms] [INFO] %cDownload the React DevTools for a better development experience: https://react.dev/link/react-devtools font-weight:bold @ http://localhost:3000/_next/static/chunks/0mzu_next_dist_1cbomwn._.js:2477
[  477677ms] [LOG] [HMR] connected @ http://localhost:3000/_next/static/chunks/0mzu_next_dist_1cbomwn._.js:2477
[  478126ms] [LOG] [Fast Refresh] rebuilding @ http://localhost:3000/_next/static/chunks/0mzu_next_dist_1cbomwn._.js:2477
[  478186ms] [LOG] [Fast Refresh] done in 166ms @ http://localhost:3000/_next/static/chunks/0mzu_next_dist_1cbomwn._.js:2477
[  478258ms] ReferenceError: canInspect is not defined
    at http://localhost:3000/_next/static/chunks/Code_clinical_extraction_frontend_1gwbtzd._.js:2189:70
    at Array.map (<anonymous>)
    at LetterMatrix (http://localhost:3000/_next/static/chunks/Code_clinical_extraction_frontend_1gwbtzd._.js:2145:39)
    at Object.react_stack_bottom_frame (http://localhost:3000/_next/static/chunks/0mzu_next_dist_compiled_react-dom_1f3aybq._.js:15037:24)
    at renderWithHooks (http://localhost:3000/_next/static/chunks/0mzu_next_dist_compiled_react-dom_1f3aybq._.js:4620:24)
    at updateFunctionComponent (http://localhost:3000/_next/static/chunks/0mzu_next_dist_compiled_react-dom_1f3aybq._.js:6081:21)
    at beginWork (http://localhost:3000/_next/static/chunks/0mzu_next_dist_compiled_react-dom_1f3aybq._.js:6691:24)
    at runWithFiberInDEV (http://localhost:3000/_next/static/chunks/0mzu_next_dist_compiled_react-dom_1f3aybq._.js:965:74)
    at performUnitOfWork (http://localhost:3000/_next/static/chunks/0mzu_next_dist_compiled_react-dom_1f3aybq._.js:9555:97)
    at workLoopSync (http://localhost:3000/_next/static/chunks/0mzu_next_dist_compiled_react-dom_1f3aybq._.js:9449:40)
    at renderRootSync (http://localhost:3000/_next/static/chunks/0mzu_next_dist_compiled_react-dom_1f3aybq._.js:9433:13)
    at performWorkOnRoot (http://localhost:3000/_next/static/chunks/0mzu_next_dist_compiled_react-dom_1f3aybq._.js:9098:47)
    at performSyncWorkOnRoot (http://localhost:3000/_next/static/chunks/0mzu_next_dist_compiled_react-dom_1f3aybq._.js:10263:9)
    at flushSyncWorkAcrossRoots_impl (http://localhost:3000/_next/static/chunks/0mzu_next_dist_compiled_react-dom_1f3aybq._.js:10179:316)
    at processRootScheduleInMicrotask (http://localhost:3000/_next/static/chunks/0mzu_next_dist_compiled_react-dom_1f3aybq._.js:10200:106)
    at http://localhost:3000/_next/static/chunks/0mzu_next_dist_compiled_react-dom_1f3aybq._.js:10274:158
[  478309ms] [LOG] [Fast Refresh] rebuilding @ http://localhost:3000/_next/static/chunks/0mzu_next_dist_1cbomwn._.js:2477
[  478312ms] [LOG] [Fast Refresh] done in 107ms @ http://localhost:3000/_next/static/chunks/0mzu_next_dist_1cbomwn._.js:2477
[  479318ms] [LOG] [Fast Refresh] rebuilding @ http://localhost:3000/_next/static/chunks/0mzu_next_dist_1cbomwn._.js:2477
[  479351ms] [WARNING] [Fast Refresh] performing full reload because your application had an unrecoverable error @ http://localhost:3000/_next/static/chunks/0mzu_next_dist_1cbomwn._.js:2477
[  479366ms] [LOG] [Fast Refresh] done in 109ms @ http://localhost:3000/_next/static/chunks/0mzu_next_dist_1cbomwn._.js:2477
[  479476ms] [LOG] [Fast Refresh] rebuilding @ http://localhost:3000/_next/static/chunks/0mzu_next_dist_1cbomwn._.js:2477
[  479828ms] [LOG] [Fast Refresh] done in 460ms @ http://localhost:3000/_next/static/chunks/0mzu_next_dist_1cbomwn._.js:2477
[  480002ms] [INFO] %cDownload the React DevTools for a better development experience: https://react.dev/link/react-devtools font-weight:bold @ http://localhost:3000/_next/static/chunks/0mzu_next_dist_1cbomwn._.js:2477
[  480083ms] [LOG] [HMR] connected @ http://localhost:3000/_next/static/chunks/0mzu_next_dist_1cbomwn._.js:2477
[  480397ms] [LOG] [Fast Refresh] rebuilding @ http://localhost:3000/_next/static/chunks/0mzu_next_dist_1cbomwn._.js:2477
[  480446ms] [LOG] [Fast Refresh] done in 146ms @ http://localhost:3000/_next/static/chunks/0mzu_next_dist_1cbomwn._.js:2477
[  480574ms] [LOG] [Fast Refresh] rebuilding @ http://localhost:3000/_next/static/chunks/0mzu_next_dist_1cbomwn._.js:2477
[  480694ms] [LOG] [Fast Refresh] done in 236ms @ http://localhost:3000/_next/static/chunks/0mzu_next_dist_1cbomwn._.js:2477
[  481529ms] [LOG] [Fast Refresh] rebuilding @ http://localhost:3000/_next/static/chunks/0mzu_next_dist_1cbomwn._.js:2477
[  481637ms] [LOG] [Fast Refresh] done in 136ms @ http://localhost:3000/_next/static/chunks/0mzu_next_dist_1cbomwn._.js:2477
[  481750ms] [LOG] [Fast Refresh] rebuilding @ http://localhost:3000/_next/static/chunks/0mzu_next_dist_1cbomwn._.js:2477
[  481856ms] [LOG] [Fast Refresh] done in 219ms @ http://localhost:3000/_next/static/chunks/0mzu_next_dist_1cbomwn._.js:2477
[  505239ms] [LOG] [Fast Refresh] rebuilding @ http://localhost:3000/_next/static/chunks/0mzu_next_dist_1cbomwn._.js:2477
[  505385ms] [LOG] [Fast Refresh] done in 205ms @ http://localhost:3000/_next/static/chunks/0mzu_next_dist_1cbomwn._.js:2477
[  505491ms] [LOG] [Fast Refresh] rebuilding @ http://localhost:3000/_next/static/chunks/0mzu_next_dist_1cbomwn._.js:2477
[  505616ms] [LOG] [Fast Refresh] done in 230ms @ http://localhost:3000/_next/static/chunks/0mzu_next_dist_1cbomwn._.js:2477
[  505781ms] [LOG] [Fast Refresh] rebuilding @ http://localhost:3000/_next/static/chunks/0mzu_next_dist_1cbomwn._.js:2477
[  505844ms] [LOG] [Fast Refresh] done in 169ms @ http://localhost:3000/_next/static/chunks/0mzu_next_dist_1cbomwn._.js:2477
[  507663ms] [LOG] [Fast Refresh] rebuilding @ http://localhost:3000/_next/static/chunks/0mzu_next_dist_1cbomwn._.js:2477
[  507750ms] [LOG] [Fast Refresh] done in 151ms @ http://localhost:3000/_next/static/chunks/0mzu_next_dist_1cbomwn._.js:2477
[  507855ms] [LOG] [Fast Refresh] rebuilding @ http://localhost:3000/_next/static/chunks/0mzu_next_dist_1cbomwn._.js:2477
[  507994ms] [LOG] [Fast Refresh] done in 243ms @ http://localhost:3000/_next/static/chunks/0mzu_next_dist_1cbomwn._.js:2477
[  508209ms] [LOG] [Fast Refresh] rebuilding @ http://localhost:3000/_next/static/chunks/0mzu_next_dist_1cbomwn._.js:2477
[  508320ms] [LOG] [Fast Refresh] done in 169ms @ http://localhost:3000/_next/static/chunks/0mzu_next_dist_1cbomwn._.js:2477
[  508422ms] [LOG] [Fast Refresh] rebuilding @ http://localhost:3000/_next/static/chunks/0mzu_next_dist_1cbomwn._.js:2477
[  508557ms] [LOG] [Fast Refresh] done in 235ms @ http://localhost:3000/_next/static/chunks/0mzu_next_dist_1cbomwn._.js:2477
