[     236ms] [INFO] %cDownload the React DevTools for a better development experience: https://react.dev/link/react-devtools font-weight:bold @ http://localhost:3000/_next/static/chunks/0mzu_next_dist_1cbomwn._.js:2477
[     300ms] [LOG] [HMR] connected @ http://localhost:3000/_next/static/chunks/0mzu_next_dist_1cbomwn._.js:2477
[     364ms] [ERROR] Failed to load resource: the server responded with a status of 500 (Internal Server Error) @ http://localhost:3000/api/health:0
[   12138ms] [LOG] [Fast Refresh] rebuilding @ http://localhost:3000/_next/static/chunks/0mzu_next_dist_1cbomwn._.js:2477
[   12399ms] [ERROR] ./Code/clinical_extraction/frontend/components/exectv2/SfInspectionViews.tsx:127:7
Expression expected
  125 |       >
  126 |         {componentShortLabel(name)} ({stat})
> 127 |     </>
      |       ^
  128 |   );
  129 | }
  130 |

Parsing ecmascript source code failed

Import traces:
  Client Component Browser:
    ./Code/clinical_extraction/frontend/components/exectv2/SfInspectionViews.tsx [Client Component Browser]
    ./Code/clinical_extraction/frontend/components/exectv2/SfInspectionPanel.tsx [Client Component Browser]
    ./Code/clinical_extraction/frontend/app/exectv2-sf-inspection/page.tsx [Client Component Browser]
    ./Code/clinical_extraction/frontend/app/exectv2-sf-inspection/page.tsx [Server Component]

  Client Component SSR:
    ./Code/clinical_extraction/frontend/components/exectv2/SfInspectionViews.tsx [Client Component SSR]
    ./Code/clinical_extraction/frontend/components/exectv2/SfInspectionPanel.tsx [Client Component SSR]
    ./Code/clinical_extraction/frontend/app/exectv2-sf-inspection/page.tsx [Client Component SSR]
    ./Code/clinical_extraction/frontend/app/exectv2-sf-inspection/page.tsx [Server Component] @ http://localhost:3000/_next/static/chunks/0mzu_next_dist_1cbomwn._.js:3318
[   12400ms] [ERROR] Failed to load resource: the server responded with a status of 500 (Internal Server Error) @ http://localhost:3000/exectv2-sf-inspection?_rsc=Y490Eyry55ri6NI9:0
[   12502ms] [ERROR] Failed to load resource: the server responded with a status of 500 (Internal Server Error) @ http://localhost:3000/exectv2-sf-inspection:0
[   12619ms] [INFO] %cDownload the React DevTools for a better development experience: https://react.dev/link/react-devtools font-weight:bold @ http://localhost:3000/_next/static/chunks/0mzu_react-dom_1wez7av._.js:15305
[   12664ms] Error: ./Code/clinical_extraction/frontend/components/exectv2/SfInspectionViews.tsx:127:7
Expression expected
  125 |       >
  126 |         {componentShortLabel(name)} ({stat})
> 127 |     </>
      |       ^
  128 |   );
  129 | }
  130 |

Parsing ecmascript source code failed

Import traces:
  Client Component Browser:
    ./Code/clinical_extraction/frontend/components/exectv2/SfInspectionViews.tsx [Client Component Browser]
    ./Code/clinical_extraction/frontend/components/exectv2/SfInspectionPanel.tsx [Client Component Browser]
    ./Code/clinical_extraction/frontend/app/exectv2-sf-inspection/page.tsx [Client Component Browser]
    ./Code/clinical_extraction/frontend/app/exectv2-sf-inspection/page.tsx [Server Component]

  Client Component SSR:
    ./Code/clinical_extraction/frontend/components/exectv2/SfInspectionViews.tsx [Client Component SSR]
    ./Code/clinical_extraction/frontend/components/exectv2/SfInspectionPanel.tsx [Client Component SSR]
    ./Code/clinical_extraction/frontend/app/exectv2-sf-inspection/page.tsx [Client Component SSR]
    ./Code/clinical_extraction/frontend/app/exectv2-sf-inspection/page.tsx [Server Component]


    at <unknown> (Error: ./Code/clinical_extraction/frontend/components/exectv2/SfInspectionViews.tsx:127:7)
    at Object.getCompilationErrors (file://C:\Users\cbrow\Code\clinical_extraction\frontend\node_modules\next\dist\server\dev\hot-reloader-turbopack.js:1186:59)
    at DevBundlerService.getCompilationError (file://C:\Users\cbrow\Code\clinical_extraction\frontend\node_modules\next\dist\server\lib\dev-bundler-service.js:44:55)
    at DevServer.getCompilationError (file://C:\Users\cbrow\Code\clinical_extraction\frontend\node_modules\next\dist\server\dev\next-dev-server.js:720:42)
    at DevServer.findPageComponents (file://C:\Users\cbrow\Code\clinical_extraction\frontend\node_modules\next\dist\server\dev\next-dev-server.js:690:43)
    at async DevServer.renderErrorToResponseImpl (file://C:\Users\cbrow\Code\clinical_extraction\frontend\node_modules\next\dist\server\base-server.js:1753:26)
[   12664ms] [LOG] [HMR] connected @ http://localhost:3000/_next/static/chunks/0mzu_next_dist_0wp3l_4._.js:1380
[   12666ms] [ERROR] ./Code/clinical_extraction/frontend/components/exectv2/SfInspectionViews.tsx:127:7
Expression expected
  125 |       >
  126 |         {componentShortLabel(name)} ({stat})
> 127 |     </>
      |       ^
  128 |   );
  129 | }
  130 |

Parsing ecmascript source code failed

Import traces:
  Client Component Browser:
    ./Code/clinical_extraction/frontend/components/exectv2/SfInspectionViews.tsx [Client Component Browser]
    ./Code/clinical_extraction/frontend/components/exectv2/SfInspectionPanel.tsx [Client Component Browser]
    ./Code/clinical_extraction/frontend/app/exectv2-sf-inspection/page.tsx [Client Component Browser]
    ./Code/clinical_extraction/frontend/app/exectv2-sf-inspection/page.tsx [Server Component]

  Client Component SSR:
    ./Code/clinical_extraction/frontend/components/exectv2/SfInspectionViews.tsx [Client Component SSR]
    ./Code/clinical_extraction/frontend/components/exectv2/SfInspectionPanel.tsx [Client Component SSR]
    ./Code/clinical_extraction/frontend/app/exectv2-sf-inspection/page.tsx [Client Component SSR]
    ./Code/clinical_extraction/frontend/app/exectv2-sf-inspection/page.tsx [Server Component] @ http://localhost:3000/_next/static/chunks/0mzu_next_dist_0wp3l_4._.js:2099
[   12711ms] [ERROR] ./Code/clinical_extraction/frontend/components/exectv2/SfInspectionViews.tsx:127:7
Expression expected
  125 |       >
  126 |         {componentShortLabel(name)} ({stat})
> 127 |     </>
      |       ^
  128 |   );
  129 | }
  130 |

Parsing ecmascript source code failed

Import traces:
  Client Component Browser:
    ./Code/clinical_extraction/frontend/components/exectv2/SfInspectionViews.tsx [Client Component Browser]
    ./Code/clinical_extraction/frontend/components/exectv2/SfInspectionPanel.tsx [Client Component Browser]
    ./Code/clinical_extraction/frontend/app/exectv2-sf-inspection/page.tsx [Client Component Browser]
    ./Code/clinical_extraction/frontend/app/exectv2-sf-inspection/page.tsx [Server Component]

  Client Component SSR:
    ./Code/clinical_extraction/frontend/components/exectv2/SfInspectionViews.tsx [Client Component SSR]
    ./Code/clinical_extraction/frontend/components/exectv2/SfInspectionPanel.tsx [Client Component SSR]
    ./Code/clinical_extraction/frontend/app/exectv2-sf-inspection/page.tsx [Client Component SSR]
    ./Code/clinical_extraction/frontend/app/exectv2-sf-inspection/page.tsx [Server Component] @ http://localhost:3000/_next/static/chunks/0mzu_next_dist_0wp3l_4._.js:2099
[   12759ms] [ERROR] ./Code/clinical_extraction/frontend/components/exectv2/SfInspectionViews.tsx:127:7
Expression expected
  125 |       >
  126 |         {componentShortLabel(name)} ({stat})
> 127 |     </>
      |       ^
  128 |   );
  129 | }
  130 |

Parsing ecmascript source code failed

Import traces:
  Client Component Browser:
    ./Code/clinical_extraction/frontend/components/exectv2/SfInspectionViews.tsx [Client Component Browser]
    ./Code/clinical_extraction/frontend/components/exectv2/SfInspectionPanel.tsx [Client Component Browser]
    ./Code/clinical_extraction/frontend/app/exectv2-sf-inspection/page.tsx [Client Component Browser]
    ./Code/clinical_extraction/frontend/app/exectv2-sf-inspection/page.tsx [Server Component]

  Client Component SSR:
    ./Code/clinical_extraction/frontend/components/exectv2/SfInspectionViews.tsx [Client Component SSR]
    ./Code/clinical_extraction/frontend/components/exectv2/SfInspectionPanel.tsx [Client Component SSR]
    ./Code/clinical_extraction/frontend/app/exectv2-sf-inspection/page.tsx [Client Component SSR]
    ./Code/clinical_extraction/frontend/app/exectv2-sf-inspection/page.tsx [Server Component] @ http://localhost:3000/_next/static/chunks/0mzu_next_dist_0wp3l_4._.js:2099
[   12834ms] [LOG] [Fast Refresh] rebuilding @ http://localhost:3000/_next/static/chunks/0mzu_next_dist_0wp3l_4._.js:1380
[   19461ms] [LOG] [Fast Refresh] rebuilding @ http://localhost:3000/_next/static/chunks/0mzu_next_dist_0wp3l_4._.js:1380
[   19472ms] [LOG] [Fast Refresh] done in 98ms @ http://localhost:3000/_next/static/chunks/0mzu_next_dist_0wp3l_4._.js:1380
[   19594ms] [LOG] [Fast Refresh] rebuilding @ http://localhost:3000/_next/static/chunks/0mzu_next_dist_0wp3l_4._.js:1380
[   19684ms] [LOG] [Fast Refresh] done in 193ms @ http://localhost:3000/_next/static/chunks/0mzu_next_dist_0wp3l_4._.js:1380
[   19827ms] [INFO] %cDownload the React DevTools for a better development experience: https://react.dev/link/react-devtools font-weight:bold @ http://localhost:3000/_next/static/chunks/0mzu_next_dist_1cbomwn._.js:2477
[   19849ms] [LOG] [HMR] connected @ http://localhost:3000/_next/static/chunks/0mzu_next_dist_1cbomwn._.js:2477
[   19897ms] [ERROR] Failed to load resource: the server responded with a status of 500 (Internal Server Error) @ http://localhost:3000/api/health:0
[  206936ms] [ERROR] WebSocket connection to 'ws://localhost:3000/_next/webpack-hmr?id=HiNIwvwuFV7d3868cuXEn' failed: Error in connection establishment: net::ERR_CONNECTION_REFUSED @ http://localhost:3000/_next/static/chunks/0mzu_next_dist_client_1umaoco._.js:13422
[  210270ms] [ERROR] WebSocket connection to 'ws://localhost:3000/_next/webpack-hmr?id=HiNIwvwuFV7d3868cuXEn' failed: Error in connection establishment: net::ERR_CONNECTION_REFUSED @ http://localhost:3000/_next/static/chunks/0mzu_next_dist_client_1umaoco._.js:13422
[  213591ms] [ERROR] WebSocket connection to 'ws://localhost:3000/_next/webpack-hmr?id=HiNIwvwuFV7d3868cuXEn' failed: Error in connection establishment: net::ERR_CONNECTION_REFUSED @ http://localhost:3000/_next/static/chunks/0mzu_next_dist_client_1umaoco._.js:13422
[  216947ms] [ERROR] WebSocket connection to 'ws://localhost:3000/_next/webpack-hmr?id=HiNIwvwuFV7d3868cuXEn' failed: Error in connection establishment: net::ERR_CONNECTION_REFUSED @ http://localhost:3000/_next/static/chunks/0mzu_next_dist_client_1umaoco._.js:13422
[  220296ms] [ERROR] WebSocket connection to 'ws://localhost:3000/_next/webpack-hmr?id=HiNIwvwuFV7d3868cuXEn' failed: Error in connection establishment: net::ERR_CONNECTION_REFUSED @ http://localhost:3000/_next/static/chunks/0mzu_next_dist_client_1umaoco._.js:13422
[  227630ms] [ERROR] WebSocket connection to 'ws://localhost:3000/_next/webpack-hmr?id=HiNIwvwuFV7d3868cuXEn' failed: Error in connection establishment: net::ERR_CONNECTION_REFUSED @ http://localhost:3000/_next/static/chunks/0mzu_next_dist_client_1umaoco._.js:13422
[  234994ms] [ERROR] WebSocket connection to 'ws://localhost:3000/_next/webpack-hmr?id=HiNIwvwuFV7d3868cuXEn' failed: Error in connection establishment: net::ERR_CONNECTION_REFUSED @ http://localhost:3000/_next/static/chunks/0mzu_next_dist_client_1umaoco._.js:13422
[  242330ms] [ERROR] WebSocket connection to 'ws://localhost:3000/_next/webpack-hmr?id=HiNIwvwuFV7d3868cuXEn' failed: Error in connection establishment: net::ERR_CONNECTION_REFUSED @ http://localhost:3000/_next/static/chunks/0mzu_next_dist_client_1umaoco._.js:13422
[  249704ms] [ERROR] WebSocket connection to 'ws://localhost:3000/_next/webpack-hmr?id=HiNIwvwuFV7d3868cuXEn' failed: Error in connection establishment: net::ERR_CONNECTION_REFUSED @ http://localhost:3000/_next/static/chunks/0mzu_next_dist_client_1umaoco._.js:13422
[  257085ms] [ERROR] WebSocket connection to 'ws://localhost:3000/_next/webpack-hmr?id=HiNIwvwuFV7d3868cuXEn' failed: Error in connection establishment: net::ERR_CONNECTION_REFUSED @ http://localhost:3000/_next/static/chunks/0mzu_next_dist_client_1umaoco._.js:13422
[  264504ms] [ERROR] WebSocket connection to 'ws://localhost:3000/_next/webpack-hmr?id=HiNIwvwuFV7d3868cuXEn' failed: Error in connection establishment: net::ERR_CONNECTION_REFUSED @ http://localhost:3000/_next/static/chunks/0mzu_next_dist_client_1umaoco._.js:13422
[  271988ms] [ERROR] WebSocket connection to 'ws://localhost:3000/_next/webpack-hmr?id=HiNIwvwuFV7d3868cuXEn' failed: Error in connection establishment: net::ERR_CONNECTION_REFUSED @ http://localhost:3000/_next/static/chunks/0mzu_next_dist_client_1umaoco._.js:13422
[ 4886989ms] [INFO] %cDownload the React DevTools for a better development experience: https://react.dev/link/react-devtools font-weight:bold @ http://localhost:3000/_next/static/chunks/0mzu_next_dist_1cbomwn._.js:2477
[ 4887057ms] [LOG] [HMR] connected @ http://localhost:3000/_next/static/chunks/0mzu_next_dist_1cbomwn._.js:2477
[11462133ms] [LOG] [Fast Refresh] rebuilding @ http://localhost:3000/_next/static/chunks/0mzu_next_dist_1cbomwn._.js:2477
[11462134ms] [LOG] [Fast Refresh] done in 106ms @ http://localhost:3000/_next/static/chunks/0mzu_next_dist_1cbomwn._.js:2477
[12021552ms] [LOG] [Fast Refresh] rebuilding @ http://localhost:3000/_next/static/chunks/0mzu_next_dist_1cbomwn._.js:2477
[12021649ms] [LOG] [Fast Refresh] done in 201ms @ http://localhost:3000/_next/static/chunks/0mzu_next_dist_1cbomwn._.js:2477
[12025733ms] [LOG] [Fast Refresh] rebuilding @ http://localhost:3000/_next/static/chunks/0mzu_next_dist_1cbomwn._.js:2477
[12025734ms] [LOG] [Fast Refresh] done in 104ms @ http://localhost:3000/_next/static/chunks/0mzu_next_dist_1cbomwn._.js:2477
[12061442ms] [LOG] [Fast Refresh] rebuilding @ http://localhost:3000/_next/static/chunks/0mzu_next_dist_1cbomwn._.js:2477
[12061630ms] [LOG] [Fast Refresh] done in 132ms @ http://localhost:3000/_next/static/chunks/0mzu_next_dist_1cbomwn._.js:2477
[12061646ms] TypeError: Cannot read properties of undefined (reading 'resolution_status')
    at GoldAdvisoryBanner (http://localhost:3000/_next/static/chunks/Code_clinical_extraction_frontend_16ks21v._.js?id=%255Bproject%255D%252FCode%252Fclinical_extraction%252Ffrontend%252Fcomponents%252Fexectv2%252FSfInspectionLayerA.tsx+%255Bapp-client%255D+%2528ecmascript%2529:194:42)
    at Object.react_stack_bottom_frame (http://localhost:3000/_next/static/chunks/0mzu_next_dist_compiled_react-dom_1f3aybq._.js:15037:24)
    at renderWithHooks (http://localhost:3000/_next/static/chunks/0mzu_next_dist_compiled_react-dom_1f3aybq._.js:4620:24)
    at updateFunctionComponent (http://localhost:3000/_next/static/chunks/0mzu_next_dist_compiled_react-dom_1f3aybq._.js:6081:21)
    at beginWork (http://localhost:3000/_next/static/chunks/0mzu_next_dist_compiled_react-dom_1f3aybq._.js:6691:24)
    at runWithFiberInDEV (http://localhost:3000/_next/static/chunks/0mzu_next_dist_compiled_react-dom_1f3aybq._.js:965:74)
    at performUnitOfWork (http://localhost:3000/_next/static/chunks/0mzu_next_dist_compiled_react-dom_1f3aybq._.js:9555:97)
    at workLoopSync (http://localhost:3000/_next/static/chunks/0mzu_next_dist_compiled_react-dom_1f3aybq._.js:9449:40)
    at renderRootSync (http://localhost:3000/_next/static/chunks/0mzu_next_dist_compiled_react-dom_1f3aybq._.js:9433:13)
    at performWorkOnRoot (http://localhost:3000/_next/static/chunks/0mzu_next_dist_compiled_react-dom_1f3aybq._.js:9061:186)
    at performSyncWorkOnRoot (http://localhost:3000/_next/static/chunks/0mzu_next_dist_compiled_react-dom_1f3aybq._.js:10263:9)
    at flushSyncWorkAcrossRoots_impl (http://localhost:3000/_next/static/chunks/0mzu_next_dist_compiled_react-dom_1f3aybq._.js:10179:316)
    at processRootScheduleInMicrotask (http://localhost:3000/_next/static/chunks/0mzu_next_dist_compiled_react-dom_1f3aybq._.js:10200:106)
    at http://localhost:3000/_next/static/chunks/0mzu_next_dist_compiled_react-dom_1f3aybq._.js:10274:158
[12090708ms] [LOG] [Fast Refresh] rebuilding @ http://localhost:3000/_next/static/chunks/0mzu_next_dist_1cbomwn._.js:2477
[12090758ms] [WARNING] [Fast Refresh] performing full reload because your application had an unrecoverable error @ http://localhost:3000/_next/static/chunks/0mzu_next_dist_1cbomwn._.js:2477
[12090786ms] [WARNING] [Fast Refresh] performing full reload because your application had an unrecoverable error @ http://localhost:3000/_next/static/chunks/0mzu_next_dist_1cbomwn._.js:2477
[12091049ms] [LOG] [Fast Refresh] done in 183ms @ http://localhost:3000/_next/static/chunks/0mzu_next_dist_1cbomwn._.js:2477
[12091170ms] [INFO] %cDownload the React DevTools for a better development experience: https://react.dev/link/react-devtools font-weight:bold @ http://localhost:3000/_next/static/chunks/0mzu_next_dist_1cbomwn._.js:2477
[12091202ms] [LOG] [HMR] connected @ http://localhost:3000/_next/static/chunks/0mzu_next_dist_1cbomwn._.js:2477
[12091397ms] [ERROR] Failed to load resource: the server responded with a status of 500 (Internal Server Error) @ http://localhost:3000/api/health:0
[12091491ms] TypeError: Cannot read properties of undefined (reading 'resolution_status')
    at GoldAdvisoryBanner (http://localhost:3000/_next/static/chunks/Code_clinical_extraction_frontend_16ks21v._.js:2036:42)
    at Object.react_stack_bottom_frame (http://localhost:3000/_next/static/chunks/0mzu_next_dist_compiled_react-dom_1f3aybq._.js:15037:24)
    at renderWithHooks (http://localhost:3000/_next/static/chunks/0mzu_next_dist_compiled_react-dom_1f3aybq._.js:4620:24)
    at updateFunctionComponent (http://localhost:3000/_next/static/chunks/0mzu_next_dist_compiled_react-dom_1f3aybq._.js:6081:21)
    at beginWork (http://localhost:3000/_next/static/chunks/0mzu_next_dist_compiled_react-dom_1f3aybq._.js:6691:24)
    at runWithFiberInDEV (http://localhost:3000/_next/static/chunks/0mzu_next_dist_compiled_react-dom_1f3aybq._.js:965:74)
    at performUnitOfWork (http://localhost:3000/_next/static/chunks/0mzu_next_dist_compiled_react-dom_1f3aybq._.js:9555:97)
    at workLoopSync (http://localhost:3000/_next/static/chunks/0mzu_next_dist_compiled_react-dom_1f3aybq._.js:9449:40)
    at renderRootSync (http://localhost:3000/_next/static/chunks/0mzu_next_dist_compiled_react-dom_1f3aybq._.js:9433:13)
    at performWorkOnRoot (http://localhost:3000/_next/static/chunks/0mzu_next_dist_compiled_react-dom_1f3aybq._.js:9098:47)
    at performSyncWorkOnRoot (http://localhost:3000/_next/static/chunks/0mzu_next_dist_compiled_react-dom_1f3aybq._.js:10263:9)
    at flushSyncWorkAcrossRoots_impl (http://localhost:3000/_next/static/chunks/0mzu_next_dist_compiled_react-dom_1f3aybq._.js:10179:316)
    at processRootScheduleInMicrotask (http://localhost:3000/_next/static/chunks/0mzu_next_dist_compiled_react-dom_1f3aybq._.js:10200:106)
    at http://localhost:3000/_next/static/chunks/0mzu_next_dist_compiled_react-dom_1f3aybq._.js:10274:158
[12096752ms] [LOG] [Fast Refresh] rebuilding @ http://localhost:3000/_next/static/chunks/0mzu_next_dist_1cbomwn._.js:2477
[12096764ms] [WARNING] [Fast Refresh] performing full reload because your application had an unrecoverable error @ http://localhost:3000/_next/static/chunks/0mzu_next_dist_1cbomwn._.js:2477
[12096808ms] [WARNING] [Fast Refresh] performing full reload because your application had an unrecoverable error @ http://localhost:3000/_next/static/chunks/0mzu_next_dist_1cbomwn._.js:2477
[12096809ms] [LOG] [Fast Refresh] done in 161ms @ http://localhost:3000/_next/static/chunks/0mzu_next_dist_1cbomwn._.js:2477
[12096912ms] [LOG] [Fast Refresh] rebuilding @ http://localhost:3000/_next/static/chunks/0mzu_next_dist_1cbomwn._.js:2477
[12097110ms] [LOG] [Fast Refresh] done in 301ms @ http://localhost:3000/_next/static/chunks/0mzu_next_dist_1cbomwn._.js:2477
[12097209ms] [INFO] %cDownload the React DevTools for a better development experience: https://react.dev/link/react-devtools font-weight:bold @ http://localhost:3000/_next/static/chunks/0mzu_next_dist_1cbomwn._.js:2477
[12097234ms] [LOG] [HMR] connected @ http://localhost:3000/_next/static/chunks/0mzu_next_dist_1cbomwn._.js:2477
[12097265ms] [ERROR] Failed to load resource: the server responded with a status of 500 (Internal Server Error) @ http://localhost:3000/api/health:0
[12097354ms] TypeError: Cannot read properties of undefined (reading 'resolution_status')
    at GoldAdvisoryBanner (http://localhost:3000/_next/static/chunks/Code_clinical_extraction_frontend_16ks21v._.js:2036:42)
    at Object.react_stack_bottom_frame (http://localhost:3000/_next/static/chunks/0mzu_next_dist_compiled_react-dom_1f3aybq._.js:15037:24)
    at renderWithHooks (http://localhost:3000/_next/static/chunks/0mzu_next_dist_compiled_react-dom_1f3aybq._.js:4620:24)
    at updateFunctionComponent (http://localhost:3000/_next/static/chunks/0mzu_next_dist_compiled_react-dom_1f3aybq._.js:6081:21)
    at beginWork (http://localhost:3000/_next/static/chunks/0mzu_next_dist_compiled_react-dom_1f3aybq._.js:6691:24)
    at runWithFiberInDEV (http://localhost:3000/_next/static/chunks/0mzu_next_dist_compiled_react-dom_1f3aybq._.js:965:74)
    at performUnitOfWork (http://localhost:3000/_next/static/chunks/0mzu_next_dist_compiled_react-dom_1f3aybq._.js:9555:97)
    at workLoopSync (http://localhost:3000/_next/static/chunks/0mzu_next_dist_compiled_react-dom_1f3aybq._.js:9449:40)
    at renderRootSync (http://localhost:3000/_next/static/chunks/0mzu_next_dist_compiled_react-dom_1f3aybq._.js:9433:13)
    at performWorkOnRoot (http://localhost:3000/_next/static/chunks/0mzu_next_dist_compiled_react-dom_1f3aybq._.js:9098:47)
    at performSyncWorkOnRoot (http://localhost:3000/_next/static/chunks/0mzu_next_dist_compiled_react-dom_1f3aybq._.js:10263:9)
    at flushSyncWorkAcrossRoots_impl (http://localhost:3000/_next/static/chunks/0mzu_next_dist_compiled_react-dom_1f3aybq._.js:10179:316)
    at processRootScheduleInMicrotask (http://localhost:3000/_next/static/chunks/0mzu_next_dist_compiled_react-dom_1f3aybq._.js:10200:106)
    at http://localhost:3000/_next/static/chunks/0mzu_next_dist_compiled_react-dom_1f3aybq._.js:10274:158
[12158715ms] [LOG] [Fast Refresh] rebuilding @ http://localhost:3000/_next/static/chunks/0mzu_next_dist_1cbomwn._.js:2477
[12158765ms] [WARNING] [Fast Refresh] performing full reload because your application had an unrecoverable error @ http://localhost:3000/_next/static/chunks/0mzu_next_dist_1cbomwn._.js:2477
[12158774ms] [WARNING] [Fast Refresh] performing full reload because your application had an unrecoverable error @ http://localhost:3000/_next/static/chunks/0mzu_next_dist_1cbomwn._.js:2477
[12158775ms] [LOG] [Fast Refresh] done in 163ms @ http://localhost:3000/_next/static/chunks/0mzu_next_dist_1cbomwn._.js:2477
[12158882ms] [LOG] [Fast Refresh] rebuilding @ http://localhost:3000/_next/static/chunks/0mzu_next_dist_1cbomwn._.js:2477
[12159066ms] [LOG] [Fast Refresh] done in 290ms @ http://localhost:3000/_next/static/chunks/0mzu_next_dist_1cbomwn._.js:2477
[12159175ms] [INFO] %cDownload the React DevTools for a better development experience: https://react.dev/link/react-devtools font-weight:bold @ http://localhost:3000/_next/static/chunks/0mzu_next_dist_1cbomwn._.js:2477
[12159193ms] [LOG] [HMR] connected @ http://localhost:3000/_next/static/chunks/0mzu_next_dist_1cbomwn._.js:2477
[12159232ms] [ERROR] Failed to load resource: the server responded with a status of 500 (Internal Server Error) @ http://localhost:3000/api/health:0
[12159322ms] TypeError: Cannot read properties of undefined (reading 'resolution_status')
    at GoldAdvisoryBanner (http://localhost:3000/_next/static/chunks/Code_clinical_extraction_frontend_16ks21v._.js:2036:42)
    at Object.react_stack_bottom_frame (http://localhost:3000/_next/static/chunks/0mzu_next_dist_compiled_react-dom_1f3aybq._.js:15037:24)
    at renderWithHooks (http://localhost:3000/_next/static/chunks/0mzu_next_dist_compiled_react-dom_1f3aybq._.js:4620:24)
    at updateFunctionComponent (http://localhost:3000/_next/static/chunks/0mzu_next_dist_compiled_react-dom_1f3aybq._.js:6081:21)
    at beginWork (http://localhost:3000/_next/static/chunks/0mzu_next_dist_compiled_react-dom_1f3aybq._.js:6691:24)
    at runWithFiberInDEV (http://localhost:3000/_next/static/chunks/0mzu_next_dist_compiled_react-dom_1f3aybq._.js:965:74)
    at performUnitOfWork (http://localhost:3000/_next/static/chunks/0mzu_next_dist_compiled_react-dom_1f3aybq._.js:9555:97)
    at workLoopSync (http://localhost:3000/_next/static/chunks/0mzu_next_dist_compiled_react-dom_1f3aybq._.js:9449:40)
    at renderRootSync (http://localhost:3000/_next/static/chunks/0mzu_next_dist_compiled_react-dom_1f3aybq._.js:9433:13)
    at performWorkOnRoot (http://localhost:3000/_next/static/chunks/0mzu_next_dist_compiled_react-dom_1f3aybq._.js:9098:47)
    at performSyncWorkOnRoot (http://localhost:3000/_next/static/chunks/0mzu_next_dist_compiled_react-dom_1f3aybq._.js:10263:9)
    at flushSyncWorkAcrossRoots_impl (http://localhost:3000/_next/static/chunks/0mzu_next_dist_compiled_react-dom_1f3aybq._.js:10179:316)
    at processRootScheduleInMicrotask (http://localhost:3000/_next/static/chunks/0mzu_next_dist_compiled_react-dom_1f3aybq._.js:10200:106)
    at http://localhost:3000/_next/static/chunks/0mzu_next_dist_compiled_react-dom_1f3aybq._.js:10274:158
[12175161ms] [LOG] [Fast Refresh] rebuilding @ http://localhost:3000/_next/static/chunks/0mzu_next_dist_1cbomwn._.js:2477
[12175193ms] [WARNING] [Fast Refresh] performing full reload because your application had an unrecoverable error @ http://localhost:3000/_next/static/chunks/0mzu_next_dist_1cbomwn._.js:2477
[12175198ms] [LOG] [Fast Refresh] done in 139ms @ http://localhost:3000/_next/static/chunks/0mzu_next_dist_1cbomwn._.js:2477
[12175303ms] [LOG] [Fast Refresh] rebuilding @ http://localhost:3000/_next/static/chunks/0mzu_next_dist_1cbomwn._.js:2477
[12175494ms] [LOG] [Fast Refresh] done in 295ms @ http://localhost:3000/_next/static/chunks/0mzu_next_dist_1cbomwn._.js:2477
[12175585ms] [INFO] %cDownload the React DevTools for a better development experience: https://react.dev/link/react-devtools font-weight:bold @ http://localhost:3000/_next/static/chunks/0mzu_next_dist_1cbomwn._.js:2477
[12175601ms] [LOG] [HMR] connected @ http://localhost:3000/_next/static/chunks/0mzu_next_dist_1cbomwn._.js:2477
[12175646ms] [ERROR] Failed to load resource: the server responded with a status of 500 (Internal Server Error) @ http://localhost:3000/api/health:0
[12175741ms] TypeError: Cannot read properties of undefined (reading 'resolution_status')
    at GoldAdvisoryBanner (http://localhost:3000/_next/static/chunks/Code_clinical_extraction_frontend_16ks21v._.js:2036:42)
    at Object.react_stack_bottom_frame (http://localhost:3000/_next/static/chunks/0mzu_next_dist_compiled_react-dom_1f3aybq._.js:15037:24)
    at renderWithHooks (http://localhost:3000/_next/static/chunks/0mzu_next_dist_compiled_react-dom_1f3aybq._.js:4620:24)
    at updateFunctionComponent (http://localhost:3000/_next/static/chunks/0mzu_next_dist_compiled_react-dom_1f3aybq._.js:6081:21)
    at beginWork (http://localhost:3000/_next/static/chunks/0mzu_next_dist_compiled_react-dom_1f3aybq._.js:6691:24)
    at runWithFiberInDEV (http://localhost:3000/_next/static/chunks/0mzu_next_dist_compiled_react-dom_1f3aybq._.js:965:74)
    at performUnitOfWork (http://localhost:3000/_next/static/chunks/0mzu_next_dist_compiled_react-dom_1f3aybq._.js:9555:97)
    at workLoopSync (http://localhost:3000/_next/static/chunks/0mzu_next_dist_compiled_react-dom_1f3aybq._.js:9449:40)
    at renderRootSync (http://localhost:3000/_next/static/chunks/0mzu_next_dist_compiled_react-dom_1f3aybq._.js:9433:13)
    at performWorkOnRoot (http://localhost:3000/_next/static/chunks/0mzu_next_dist_compiled_react-dom_1f3aybq._.js:9098:47)
    at performSyncWorkOnRoot (http://localhost:3000/_next/static/chunks/0mzu_next_dist_compiled_react-dom_1f3aybq._.js:10263:9)
    at flushSyncWorkAcrossRoots_impl (http://localhost:3000/_next/static/chunks/0mzu_next_dist_compiled_react-dom_1f3aybq._.js:10179:316)
    at processRootScheduleInMicrotask (http://localhost:3000/_next/static/chunks/0mzu_next_dist_compiled_react-dom_1f3aybq._.js:10200:106)
    at http://localhost:3000/_next/static/chunks/0mzu_next_dist_compiled_react-dom_1f3aybq._.js:10274:158
[12178961ms] [LOG] [Fast Refresh] rebuilding @ http://localhost:3000/_next/static/chunks/0mzu_next_dist_1cbomwn._.js:2477
[12178976ms] [WARNING] [Fast Refresh] performing full reload because your application had an unrecoverable error @ http://localhost:3000/_next/static/chunks/0mzu_next_dist_1cbomwn._.js:2477
[12178977ms] [LOG] [Fast Refresh] done in 120ms @ http://localhost:3000/_next/static/chunks/0mzu_next_dist_1cbomwn._.js:2477
[12179081ms] [LOG] [Fast Refresh] rebuilding @ http://localhost:3000/_next/static/chunks/0mzu_next_dist_1cbomwn._.js:2477
[12179234ms] [LOG] [Fast Refresh] done in 254ms @ http://localhost:3000/_next/static/chunks/0mzu_next_dist_1cbomwn._.js:2477
[12179324ms] [INFO] %cDownload the React DevTools for a better development experience: https://react.dev/link/react-devtools font-weight:bold @ http://localhost:3000/_next/static/chunks/0mzu_next_dist_1cbomwn._.js:2477
[12179349ms] [LOG] [HMR] connected @ http://localhost:3000/_next/static/chunks/0mzu_next_dist_1cbomwn._.js:2477
[12179396ms] [ERROR] Failed to load resource: the server responded with a status of 500 (Internal Server Error) @ http://localhost:3000/api/health:0
[12179481ms] TypeError: Cannot read properties of undefined (reading 'resolution_status')
    at GoldAdvisoryBanner (http://localhost:3000/_next/static/chunks/Code_clinical_extraction_frontend_16ks21v._.js:2036:42)
    at Object.react_stack_bottom_frame (http://localhost:3000/_next/static/chunks/0mzu_next_dist_compiled_react-dom_1f3aybq._.js:15037:24)
    at renderWithHooks (http://localhost:3000/_next/static/chunks/0mzu_next_dist_compiled_react-dom_1f3aybq._.js:4620:24)
    at updateFunctionComponent (http://localhost:3000/_next/static/chunks/0mzu_next_dist_compiled_react-dom_1f3aybq._.js:6081:21)
    at beginWork (http://localhost:3000/_next/static/chunks/0mzu_next_dist_compiled_react-dom_1f3aybq._.js:6691:24)
    at runWithFiberInDEV (http://localhost:3000/_next/static/chunks/0mzu_next_dist_compiled_react-dom_1f3aybq._.js:965:74)
    at performUnitOfWork (http://localhost:3000/_next/static/chunks/0mzu_next_dist_compiled_react-dom_1f3aybq._.js:9555:97)
    at workLoopSync (http://localhost:3000/_next/static/chunks/0mzu_next_dist_compiled_react-dom_1f3aybq._.js:9449:40)
    at renderRootSync (http://localhost:3000/_next/static/chunks/0mzu_next_dist_compiled_react-dom_1f3aybq._.js:9433:13)
    at performWorkOnRoot (http://localhost:3000/_next/static/chunks/0mzu_next_dist_compiled_react-dom_1f3aybq._.js:9098:47)
    at performSyncWorkOnRoot (http://localhost:3000/_next/static/chunks/0mzu_next_dist_compiled_react-dom_1f3aybq._.js:10263:9)
    at flushSyncWorkAcrossRoots_impl (http://localhost:3000/_next/static/chunks/0mzu_next_dist_compiled_react-dom_1f3aybq._.js:10179:316)
    at processRootScheduleInMicrotask (http://localhost:3000/_next/static/chunks/0mzu_next_dist_compiled_react-dom_1f3aybq._.js:10200:106)
    at http://localhost:3000/_next/static/chunks/0mzu_next_dist_compiled_react-dom_1f3aybq._.js:10274:158
[70819201ms] [LOG] [HMR] connected @ http://localhost:3000/_next/static/chunks/0mzu_next_dist_1cbomwn._.js:2477
[70819329ms] [LOG] [Fast Refresh] rebuilding @ http://localhost:3000/_next/static/chunks/0mzu_next_dist_1cbomwn._.js:2477
[70819380ms] [LOG] [Fast Refresh] done in 159ms @ http://localhost:3000/_next/static/chunks/0mzu_next_dist_1cbomwn._.js:2477
[70908191ms] [LOG] [Fast Refresh] rebuilding @ http://localhost:3000/_next/static/chunks/0mzu_next_dist_1cbomwn._.js:2477
[70908453ms] [LOG] [Fast Refresh] done in 366ms @ http://localhost:3000/_next/static/chunks/0mzu_next_dist_1cbomwn._.js:2477
[70910926ms] [LOG] [Fast Refresh] rebuilding @ http://localhost:3000/_next/static/chunks/0mzu_next_dist_1cbomwn._.js:2477
[70911061ms] [LOG] [Fast Refresh] done in 241ms @ http://localhost:3000/_next/static/chunks/0mzu_next_dist_1cbomwn._.js:2477
[71690988ms] [LOG] [Fast Refresh] rebuilding @ http://localhost:3000/_next/static/chunks/0mzu_next_dist_1cbomwn._.js:2477
[71691051ms] [LOG] [Fast Refresh] done in 166ms @ http://localhost:3000/_next/static/chunks/0mzu_next_dist_1cbomwn._.js:2477
[76502238ms] [LOG] [HMR] connected @ http://localhost:3000/_next/static/chunks/0mzu_next_dist_1cbomwn._.js:2477
[76502373ms] [LOG] [Fast Refresh] rebuilding @ http://localhost:3000/_next/static/chunks/0mzu_next_dist_1cbomwn._.js:2477
[76515280ms] [LOG] [Fast Refresh] done in 13020ms @ http://localhost:3000/_next/static/chunks/0mzu_next_dist_1cbomwn._.js:2477
[76554879ms] [LOG] [Fast Refresh] rebuilding @ http://localhost:3000/_next/static/chunks/0mzu_next_dist_1cbomwn._.js:2477
[76555045ms] [LOG] [Fast Refresh] done in 272ms @ http://localhost:3000/_next/static/chunks/0mzu_next_dist_1cbomwn._.js:2477
[94086087ms] [LOG] [HMR] connected @ http://localhost:3000/_next/static/chunks/0mzu_next_dist_1cbomwn._.js:2477
[94086216ms] [LOG] [Fast Refresh] rebuilding @ http://localhost:3000/_next/static/chunks/0mzu_next_dist_1cbomwn._.js:2477
[94145735ms] [LOG] [Fast Refresh] done in 59632ms @ http://localhost:3000/_next/static/chunks/0mzu_next_dist_1cbomwn._.js:2477
[101000702ms] [LOG] [Fast Refresh] rebuilding @ http://localhost:3000/_next/static/chunks/0mzu_next_dist_1cbomwn._.js:2477
[101000934ms] [LOG] [Fast Refresh] done in 333ms @ http://localhost:3000/_next/static/chunks/0mzu_next_dist_1cbomwn._.js:2477
[101010274ms] [LOG] [Fast Refresh] rebuilding @ http://localhost:3000/_next/static/chunks/0mzu_next_dist_1cbomwn._.js:2477
[101010441ms] [LOG] [Fast Refresh] done in 271ms @ http://localhost:3000/_next/static/chunks/0mzu_next_dist_1cbomwn._.js:2477
[101024320ms] [LOG] [Fast Refresh] rebuilding @ http://localhost:3000/_next/static/chunks/0mzu_next_dist_1cbomwn._.js:2477
[101024340ms] [LOG] [Fast Refresh] done in 122ms @ http://localhost:3000/_next/static/chunks/0mzu_next_dist_1cbomwn._.js:2477
[102398799ms] [LOG] [HMR] connected @ http://localhost:3000/_next/static/chunks/0mzu_next_dist_1cbomwn._.js:2477
[129384469ms] [LOG] [HMR] connected @ http://localhost:3000/_next/static/chunks/0mzu_next_dist_1cbomwn._.js:2477
[150964196ms] [LOG] [HMR] connected @ http://localhost:3000/_next/static/chunks/0mzu_next_dist_1cbomwn._.js:2477
[151157279ms] [LOG] [Fast Refresh] rebuilding @ http://localhost:3000/_next/static/chunks/0mzu_next_dist_1cbomwn._.js:2477
[151157279ms] [LOG] [Fast Refresh] done in 105ms @ http://localhost:3000/_next/static/chunks/0mzu_next_dist_1cbomwn._.js:2477
[151340904ms] [LOG] [Fast Refresh] rebuilding @ http://localhost:3000/_next/static/chunks/0mzu_next_dist_1cbomwn._.js:2477
[151340999ms] [LOG] [Fast Refresh] done in 200ms @ http://localhost:3000/_next/static/chunks/0mzu_next_dist_1cbomwn._.js:2477
[151341178ms] [LOG] [Fast Refresh] rebuilding @ http://localhost:3000/_next/static/chunks/0mzu_next_dist_1cbomwn._.js:2477
[151341178ms] [LOG] [Fast Refresh] done in 107ms @ http://localhost:3000/_next/static/chunks/0mzu_next_dist_1cbomwn._.js:2477
[151341678ms] [LOG] [Fast Refresh] rebuilding @ http://localhost:3000/_next/static/chunks/0mzu_next_dist_1cbomwn._.js:2477
[151341679ms] [LOG] [Fast Refresh] done in 113ms @ http://localhost:3000/_next/static/chunks/0mzu_next_dist_1cbomwn._.js:2477
[151345017ms] [LOG] [Fast Refresh] rebuilding @ http://localhost:3000/_next/static/chunks/0mzu_next_dist_1cbomwn._.js:2477
[151345204ms] [LOG] [Fast Refresh] done in 287ms @ http://localhost:3000/_next/static/chunks/0mzu_next_dist_1cbomwn._.js:2477
[151346878ms] [LOG] [Fast Refresh] rebuilding @ http://localhost:3000/_next/static/chunks/0mzu_next_dist_1cbomwn._.js:2477
[151347263ms] [LOG] [Fast Refresh] done in 489ms @ http://localhost:3000/_next/static/chunks/0mzu_next_dist_1cbomwn._.js:2477
[151348195ms] [LOG] [Fast Refresh] rebuilding @ http://localhost:3000/_next/static/chunks/0mzu_next_dist_1cbomwn._.js:2477
[151348420ms] [LOG] [Fast Refresh] done in 327ms @ http://localhost:3000/_next/static/chunks/0mzu_next_dist_1cbomwn._.js:2477
[154277375ms] [LOG] [Fast Refresh] rebuilding @ http://localhost:3000/_next/static/chunks/0mzu_next_dist_1cbomwn._.js:2477
[154277521ms] [LOG] [Fast Refresh] done in 251ms @ http://localhost:3000/_next/static/chunks/0mzu_next_dist_1cbomwn._.js:2477
[154813521ms] [ERROR] WebSocket connection to 'ws://localhost:3000/_next/webpack-hmr?id=ZELzDxUml5xTsuJ4r7Ohz' failed: Error in connection establishment: net::ERR_CONNECTION_REFUSED @ http://localhost:3000/_next/static/chunks/0mzu_next_dist_client_1umaoco._.js:13422
[154816885ms] [ERROR] WebSocket connection to 'ws://localhost:3000/_next/webpack-hmr?id=ZELzDxUml5xTsuJ4r7Ohz' failed: Error in connection establishment: net::ERR_CONNECTION_REFUSED @ http://localhost:3000/_next/static/chunks/0mzu_next_dist_client_1umaoco._.js:13422
[154820229ms] [ERROR] WebSocket connection to 'ws://localhost:3000/_next/webpack-hmr?id=ZELzDxUml5xTsuJ4r7Ohz' failed: Error in connection establishment: net::ERR_CONNECTION_REFUSED @ http://localhost:3000/_next/static/chunks/0mzu_next_dist_client_1umaoco._.js:13422
[154823576ms] [ERROR] WebSocket connection to 'ws://localhost:3000/_next/webpack-hmr?id=ZELzDxUml5xTsuJ4r7Ohz' failed: Error in connection establishment: net::ERR_CONNECTION_REFUSED @ http://localhost:3000/_next/static/chunks/0mzu_next_dist_client_1umaoco._.js:13422
[154826936ms] [ERROR] WebSocket connection to 'ws://localhost:3000/_next/webpack-hmr?id=ZELzDxUml5xTsuJ4r7Ohz' failed: Error in connection establishment: net::ERR_CONNECTION_REFUSED @ http://localhost:3000/_next/static/chunks/0mzu_next_dist_client_1umaoco._.js:13422
[154834284ms] [ERROR] WebSocket connection to 'ws://localhost:3000/_next/webpack-hmr?id=ZELzDxUml5xTsuJ4r7Ohz' failed: Error in connection establishment: net::ERR_CONNECTION_REFUSED @ http://localhost:3000/_next/static/chunks/0mzu_next_dist_client_1umaoco._.js:13422
[154841667ms] [ERROR] WebSocket connection to 'ws://localhost:3000/_next/webpack-hmr?id=ZELzDxUml5xTsuJ4r7Ohz' failed: Error in connection establishment: net::ERR_CONNECTION_REFUSED @ http://localhost:3000/_next/static/chunks/0mzu_next_dist_client_1umaoco._.js:13422
[154849033ms] [ERROR] WebSocket connection to 'ws://localhost:3000/_next/webpack-hmr?id=ZELzDxUml5xTsuJ4r7Ohz' failed: Error in connection establishment: net::ERR_CONNECTION_REFUSED @ http://localhost:3000/_next/static/chunks/0mzu_next_dist_client_1umaoco._.js:13422
[154856376ms] [ERROR] WebSocket connection to 'ws://localhost:3000/_next/webpack-hmr?id=ZELzDxUml5xTsuJ4r7Ohz' failed: Error in connection establishment: net::ERR_CONNECTION_REFUSED @ http://localhost:3000/_next/static/chunks/0mzu_next_dist_client_1umaoco._.js:13422
[154863735ms] [ERROR] WebSocket connection to 'ws://localhost:3000/_next/webpack-hmr?id=ZELzDxUml5xTsuJ4r7Ohz' failed: Error in connection establishment: net::ERR_CONNECTION_REFUSED @ http://localhost:3000/_next/static/chunks/0mzu_next_dist_client_1umaoco._.js:13422
[154871116ms] [ERROR] WebSocket connection to 'ws://localhost:3000/_next/webpack-hmr?id=ZELzDxUml5xTsuJ4r7Ohz' failed: Error in connection establishment: net::ERR_CONNECTION_REFUSED @ http://localhost:3000/_next/static/chunks/0mzu_next_dist_client_1umaoco._.js:13422
[154878639ms] [ERROR] WebSocket connection to 'ws://localhost:3000/_next/webpack-hmr?id=ZELzDxUml5xTsuJ4r7Ohz' failed: Error in connection establishment: net::ERR_CONNECTION_REFUSED @ http://localhost:3000/_next/static/chunks/0mzu_next_dist_client_1umaoco._.js:13422
